BL51 BANKED LINKER/LOCATER V6.22.4.0                                                    03/17/2025  23:50:48  PAGE 1


BL51 BANKED LINKER/LOCATER V6.22.4.0, INVOKED BY:
D:\MCU\KEIL_V5\C51\BIN\BL51.EXE .\Objects\STARTUP.obj, .\Objects\main.obj, .\Objects\uart.obj, .\Objects\IRM.obj TO .\Ob
>> jects\test PRINT (.\Listings\test.m51) RAMSIZE (256) DISABLEWARNING (16)


MEMORY MODEL: SMALL


INPUT MODULES INCLUDED:
  .\Objects\STARTUP.obj (?C_STARTUP)
  .\Objects\main.obj (MAIN)
  .\Objects\uart.obj (UART)
  .\Objects\IRM.obj (IRM)
  D:\MCU\KEIL_V5\C51\LIB\C51S.LIB (?C_INIT)
  D:\MCU\KEIL_V5\C51\LIB\C51S.LIB (?C?CLDPTR)
  D:\MCU\KEIL_V5\C51\LIB\C51S.LIB (PRINTF)
  D:\MCU\KEIL_V5\C51\LIB\C51S.LIB (?C?CLDOPTR)
  D:\MCU\KEIL_V5\C51\LIB\C51S.LIB (?C?CSTPTR)
  D:\MCU\KEIL_V5\C51\LIB\C51S.LIB (?C?PLDIIDATA)
  D:\MCU\KEIL_V5\C51\LIB\C51S.LIB (?C?CCASE)


LINK MAP OF MODULE:  .\Objects\test (?C_STARTUP)


            TYPE    BASE      LENGTH    RELOCATION   SEGMENT NAME
            -----------------------------------------------------

            * * * * * * *   D A T A   M E M O R Y   * * * * * * *
            REG     0000H     0008H     ABSOLUTE     "REG BANK 0"
            DATA    0008H     0012H     UNIT         ?DT?UART
            DATA    001AH     0005H     UNIT         ?DT?IRM
                    001FH     0001H                  *** GAP ***
            BIT     0020H.0   0002H.2   UNIT         _BIT_GROUP_
            BIT     0022H.2   0000H.1   UNIT         ?BI?UART
            BIT     0022H.3   0000H.1   UNIT         ?BI?IRM
                    0022H.4   0000H.4                *** GAP ***
            DATA    0023H     0028H     UNIT         _DATA_GROUP_
            IDATA   004BH     0001H     UNIT         ?STACK

            * * * * * * *   C O D E   M E M O R Y   * * * * * * *
            CODE    0000H     0003H     ABSOLUTE     
            CODE    0003H     0003H     ABSOLUTE     
            CODE    0006H     0018H     UNIT         ?PR?UARTINIT?UART
                    001EH     0005H                  *** GAP ***
            CODE    0023H     0003H     ABSOLUTE     
            CODE    0026H     035CH     UNIT         ?PR?PRINTF?PRINTF
            CODE    0382H     00EAH     UNIT         ?PR?EXINT0?IRM
            CODE    046CH     008EH     UNIT         ?C?LIB_CODE
            CODE    04FAH     008CH     UNIT         ?C_C51STARTUP
            CODE    0586H     0032H     UNIT         ?PR?MAIN?MAIN
            CODE    05B8H     002DH     UNIT         ?PR?UARTISR?UART
            CODE    05E5H     0025H     UNIT         ?PR?_UARTSENDSTR?UART
            CODE    060AH     0015H     UNIT         ?CO?MAIN
            CODE    061FH     0011H     UNIT         ?PR?_DELAY_US?IRM
            CODE    0630H     0010H     UNIT         ?PR?_DELAY_MS?MAIN
            CODE    0640H     000DH     UNIT         ?PR?SYSTEM_INIT?MAIN
            CODE    064DH     000CH     UNIT         ?CO?IRM
BL51 BANKED LINKER/LOCATER V6.22.4.0                                                  03/17/2025  23:50:48  PAGE 2


            CODE    0659H     000BH     UNIT         ?PR?TIMER0_INIT?IRM
            CODE    0664H     000BH     UNIT         ?PR?TIMER0_READ?IRM
            CODE    066FH     0008H     UNIT         ?PR?_UARTSEND?UART
            CODE    0677H     0008H     UNIT         ?PR?_PUTCHAR?UART
            CODE    067FH     0008H     UNIT         ?PR?TIMER0_RESET?IRM
            CODE    0687H     0007H     UNIT         ?PR?EXTI0_INIT?IRM
            CODE    068EH     0006H     UNIT         ?PR?IRM_INIT?IRM
            CODE    0694H     0006H     UNIT         ?C_INITSEG



OVERLAY MAP OF MODULE:   .\Objects\test (?C_STARTUP)


SEGMENT                           BIT_GROUP          DATA_GROUP 
  +--> CALLED SEGMENT          START    LENGTH     START    LENGTH
------------------------------------------------------------------
?C_C51STARTUP                  -----    -----      -----    -----
  +--> ?PR?MAIN?MAIN
  +--> ?C_INITSEG

?PR?MAIN?MAIN                  -----    -----      -----    -----
  +--> ?PR?SYSTEM_INIT?MAIN
  +--> ?PR?UARTINIT?UART
  +--> ?PR?IRM_INIT?IRM
  +--> ?CO?MAIN
  +--> ?PR?PRINTF?PRINTF
  +--> ?PR?_UARTSENDSTR?UART

?PR?IRM_INIT?IRM               -----    -----      -----    -----
  +--> ?PR?TIMER0_INIT?IRM
  +--> ?PR?EXTI0_INIT?IRM

?PR?PRINTF?PRINTF              0021H.1  0001H.1    0037H    0014H
  +--> ?PR?_PUTCHAR?UART

?PR?_UARTSENDSTR?UART          -----    -----      0023H    0003H
  +--> ?PR?_UARTSEND?UART

*** NEW ROOT ***************************************************

?PR?EXINT0?IRM                 -----    -----      -----    -----
  +--> ?PR?TIMER0_READ?IRM
  +--> ?PR?TIMER0_RESET?IRM
  +--> ?CO?IRM
  +--> ?PR?PRINTF?PRINTF



SYMBOL TABLE OF MODULE:  .\Objects\test (?C_STARTUP)

  VALUE           TYPE          NAME
  ----------------------------------

  -------         MODULE        ?C_STARTUP
  C:04FAH         SEGMENT       ?C_C51STARTUP
  I:004BH         SEGMENT       ?STACK
BL51 BANKED LINKER/LOCATER V6.22.4.0                                                  03/17/2025  23:50:48  PAGE 3


  C:0000H         PUBLIC        ?C_STARTUP
  D:00E0H         SYMBOL        ACC
  D:00F0H         SYMBOL        B
  D:0083H         SYMBOL        DPH
  D:0082H         SYMBOL        DPL
  N:0000H         SYMBOL        IBPSTACK
  N:0100H         SYMBOL        IBPSTACKTOP
  N:0080H         SYMBOL        IDATALEN
  C:04FDH         SYMBOL        IDATALOOP
  N:0000H         SYMBOL        PBPSTACK
  N:0100H         SYMBOL        PBPSTACKTOP
  N:0000H         SYMBOL        PDATALEN
  N:0000H         SYMBOL        PDATASTART
  N:0000H         SYMBOL        PPAGE
  N:0000H         SYMBOL        PPAGEENABLE
  D:00A0H         SYMBOL        PPAGE_SFR
  D:0081H         SYMBOL        SP
  C:04FAH         SYMBOL        STARTUP1
  N:0000H         SYMBOL        XBPSTACK
  N:0000H         SYMBOL        XBPSTACKTOP
  N:0000H         SYMBOL        XDATALEN
  N:0000H         SYMBOL        XDATASTART
  C:0000H         LINE#         126
  C:04FAH         LINE#         133
  C:04FCH         LINE#         134
  C:04FDH         LINE#         135
  C:04FEH         LINE#         136
  C:0500H         LINE#         185
  C:0503H         LINE#         196
  -------         ENDMOD        ?C_STARTUP

  -------         MODULE        MAIN
  C:0000H         SYMBOL        _ICE_DUMMY_
  C:0640H         PUBLIC        System_Init
  D:0080H         PUBLIC        P0
  D:00B2H         PUBLIC        P3M0
  D:0090H         PUBLIC        P1
  D:00B1H         PUBLIC        P3M1
  D:00A0H         PUBLIC        P2
  D:00CAH         PUBLIC        P5M0
  D:00B0H         PUBLIC        P3
  D:00C9H         PUBLIC        P5M1
  D:00C0H         PUBLIC        P4
  D:00C8H         PUBLIC        P5
  D:00E8H         PUBLIC        P6
  D:00F8H         PUBLIC        P7
  D:00BAH         PUBLIC        P_SW2
  D:00A8H         PUBLIC        IE
  D:00B8H         PUBLIC        IP
  D:00D8H         PUBLIC        CCON
  C:0586H         PUBLIC        main
  D:0098H         PUBLIC        SCON
  D:0088H         PUBLIC        TCON
  B:00C8H.4       PUBLIC        P54
  B:00C8H.5       PUBLIC        P55
  C:0630H         PUBLIC        _delay_ms
  D:00D0H         PUBLIC        PSW
BL51 BANKED LINKER/LOCATER V6.22.4.0                                                  03/17/2025  23:50:48  PAGE 4


  -------         PROC          _DELAY_MS
  D:0007H         SYMBOL        ms
  -------         DO            
  D:0004H         SYMBOL        i
  -------         ENDDO         
  C:0630H         LINE#         5
  C:0630H         LINE#         6
  C:0630H         LINE#         8
  C:0630H         LINE#         9
  C:0634H         LINE#         10
  C:063DH         LINE#         11
  C:063FH         LINE#         12
  -------         ENDPROC       _DELAY_MS
  -------         PROC          SYSTEM_INIT
  C:0640H         LINE#         14
  C:0640H         LINE#         15
  C:0640H         LINE#         17
  C:0643H         LINE#         18
  C:0646H         LINE#         21
  C:0649H         LINE#         22
  C:064CH         LINE#         23
  -------         ENDPROC       SYSTEM_INIT
  -------         PROC          MAIN
  C:0586H         LINE#         25
  C:0586H         LINE#         26
  C:0586H         LINE#         27
  C:0589H         LINE#         29
  C:058CH         LINE#         30
  C:058FH         LINE#         31
  C:0592H         LINE#         32
  C:059BH         LINE#         33
  C:059DH         LINE#         34
  C:059FH         LINE#         35
  C:059FH         LINE#         36
  C:059FH         LINE#         37
  C:05A2H         LINE#         38
  C:05A4H         LINE#         39
  C:05ADH         LINE#         40
  C:05B6H         LINE#         41
  C:05B6H         LINE#         42
  -------         ENDPROC       MAIN
  -------         ENDMOD        MAIN

  -------         MODULE        UART
  C:0000H         SYMBOL        _ICE_DUMMY_
  D:0080H         PUBLIC        P0
  D:0090H         PUBLIC        P1
  D:00A0H         PUBLIC        P2
  D:00B0H         PUBLIC        P3
  D:00C0H         PUBLIC        P4
  D:00C8H         PUBLIC        P5
  D:00E8H         PUBLIC        P6
  D:00F8H         PUBLIC        P7
  D:00A8H         PUBLIC        IE
  D:00B8H         PUBLIC        IP
  B:0098H.0       PUBLIC        RI
  B:0098H.1       PUBLIC        TI
BL51 BANKED LINKER/LOCATER V6.22.4.0                                                  03/17/2025  23:50:48  PAGE 5


  D:00D8H         PUBLIC        CCON
  C:066FH         PUBLIC        _UartSend
  D:0099H         PUBLIC        SBUF
  D:0098H         PUBLIC        SCON
  C:0006H         PUBLIC        UartInit
  D:0089H         PUBLIC        TMOD
  D:0088H         PUBLIC        TCON
  D:008EH         PUBLIC        AUXR
  B:0022H.2       PUBLIC        busy
  D:0008H         PUBLIC        rptr
  D:008DH         PUBLIC        TH1
  C:05B8H         PUBLIC        UartIsr
  D:0009H         PUBLIC        wptr
  D:008BH         PUBLIC        TL1
  B:0088H.6       PUBLIC        TR1
  C:05E5H         PUBLIC        _UartSendStr
  D:00D0H         PUBLIC        PSW
  C:0677H         PUBLIC        _putchar
  D:000AH         PUBLIC        buffer
  -------         PROC          UARTINIT
  C:0006H         LINE#         12
  C:0006H         LINE#         13
  C:0006H         LINE#         14
  C:0009H         LINE#         15
  C:000CH         LINE#         16
  C:000FH         LINE#         17
  C:0012H         LINE#         18
  C:0014H         LINE#         19
  C:0017H         LINE#         20
  C:0019H         LINE#         21
  C:001BH         LINE#         22
  C:001DH         LINE#         23
  -------         ENDPROC       UARTINIT
  -------         PROC          _UARTSEND
  D:0007H         SYMBOL        dat
  C:066FH         LINE#         24
  C:066FH         LINE#         25
  C:066FH         LINE#         26
  C:0672H         LINE#         27
  C:0674H         LINE#         28
  C:0676H         LINE#         29
  -------         ENDPROC       _UARTSEND
  -------         PROC          _UARTSENDSTR
  D:0023H         SYMBOL        p
  C:05E5H         LINE#         30
  C:05EBH         LINE#         31
  C:05EBH         LINE#         32
  C:05F6H         LINE#         33
  C:05F6H         LINE#         34
  C:0607H         LINE#         35
  C:0609H         LINE#         36
  -------         ENDPROC       _UARTSENDSTR
  -------         PROC          UARTISR
  C:05B8H         LINE#         39
  C:05C3H         LINE#         41
  C:05C6H         LINE#         42
  C:05C6H         LINE#         43
BL51 BANKED LINKER/LOCATER V6.22.4.0                                                  03/17/2025  23:50:48  PAGE 6


  C:05C8H         LINE#         44
  C:05CAH         LINE#         45
  C:05CAH         LINE#         46
  C:05CDH         LINE#         47
  C:05CDH         LINE#         48
  C:05CFH         LINE#         49
  C:05D9H         LINE#         50
  C:05DCH         LINE#         51
  C:05DCH         LINE#         52
  -------         ENDPROC       UARTISR
  -------         PROC          _PUTCHAR
  D:0007H         SYMBOL        ch
  C:0677H         LINE#         54
  C:0677H         LINE#         55
  C:0677H         LINE#         56
  C:0679H         LINE#         57
  C:067CH         LINE#         58
  C:067EH         LINE#         59
  C:067EH         LINE#         60
  -------         ENDPROC       _PUTCHAR
  -------         ENDMOD        UART

  -------         MODULE        IRM
  C:0000H         SYMBOL        _ICE_DUMMY_
  D:0080H         PUBLIC        P0
  D:0090H         PUBLIC        P1
  D:00A0H         PUBLIC        P2
  D:00B0H         PUBLIC        P3
  D:00C0H         PUBLIC        P4
  D:00C8H         PUBLIC        P5
  D:00E8H         PUBLIC        P6
  B:00A8H.7       PUBLIC        EA
  D:00F8H         PUBLIC        P7
  D:00A8H         PUBLIC        IE
  C:0664H         PUBLIC        Timer0_Read
  D:00B8H         PUBLIC        IP
  C:067FH         PUBLIC        Timer0_Reset
  D:00D8H         PUBLIC        CCON
  C:0659H         PUBLIC        Timer0_Init
  D:0098H         PUBLIC        SCON
  D:0089H         PUBLIC        TMOD
  D:0088H         PUBLIC        TCON
  D:008CH         PUBLIC        TH0
  D:001AH         PUBLIC        bit_count
  B:00A8H.0       PUBLIC        EX0
  B:0088H.0       PUBLIC        IT0
  D:008AH         PUBLIC        TL0
  B:0088H.4       PUBLIC        TR0
  B:0022H.3       PUBLIC        ir_flag
  D:001BH         PUBLIC        ir_data
  C:0382H         PUBLIC        exint0
  C:061FH         PUBLIC        _delay_us
  C:068EH         PUBLIC        irm_init
  C:0687H         PUBLIC        EXTI0_Init
  D:00D0H         PUBLIC        PSW
  -------         PROC          _DELAY_US
  D:0006H         SYMBOL        us
BL51 BANKED LINKER/LOCATER V6.22.4.0                                                  03/17/2025  23:50:48  PAGE 7


  C:061FH         LINE#         10
  C:061FH         LINE#         11
  C:0629H         LINE#         12
  C:062DH         LINE#         13
  C:062FH         LINE#         14
  -------         ENDPROC       _DELAY_US
  -------         PROC          TIMER0_INIT
  C:0659H         LINE#         16
  C:0659H         LINE#         19
  C:065CH         LINE#         20
  C:0661H         LINE#         21
  C:0663H         LINE#         22
  -------         ENDPROC       TIMER0_INIT
  -------         PROC          EXTI0_INIT
  C:0687H         LINE#         24
  C:0687H         LINE#         25
  C:0689H         LINE#         26
  C:068BH         LINE#         27
  C:068DH         LINE#         28
  -------         ENDPROC       EXTI0_INIT
  -------         PROC          TIMER0_RESET
  C:067FH         LINE#         30
  C:067FH         LINE#         31
  C:0682H         LINE#         32
  C:0684H         LINE#         33
  C:0686H         LINE#         34
  -------         ENDPROC       TIMER0_RESET
  -------         PROC          TIMER0_READ
  C:0664H         LINE#         36
  C:0664H         LINE#         37
  C:0666H         LINE#         38
  C:066EH         LINE#         39
  -------         ENDPROC       TIMER0_READ
  -------         PROC          EXINT0
  -------         DO            
  D:0006H         SYMBOL        time
  -------         ENDDO         
  C:0382H         LINE#         42
  C:039FH         LINE#         43
  C:03A2H         LINE#         44
  C:03A5H         LINE#         45
  C:03B6H         LINE#         46
  C:03B6H         LINE#         47
  C:03B8H         LINE#         48
  C:03C9H         LINE#         49
  C:03CCH         LINE#         50
  C:03CEH         LINE#         51
  C:03DFH         LINE#         53
  C:03DFH         LINE#         54
  C:03F0H         LINE#         55
  C:0401H         LINE#         56
  C:0401H         LINE#         57
  C:0403H         LINE#         58
  C:0414H         LINE#         59
  C:0426H         LINE#         60
  C:0434H         LINE#         61
  C:0436H         LINE#         62
BL51 BANKED LINKER/LOCATER V6.22.4.0                                                  03/17/2025  23:50:48  PAGE 8


  C:0438H         LINE#         64
  C:0438H         LINE#         65
  C:0445H         LINE#         66
  C:0445H         LINE#         68
  C:044CH         LINE#         69
  C:044FH         LINE#         70
  C:0451H         LINE#         71
  C:0451H         LINE#         72
  -------         ENDPROC       EXINT0
  -------         PROC          IRM_INIT
  C:068EH         LINE#         74
  C:068EH         LINE#         75
  C:068EH         LINE#         76
  C:0691H         LINE#         77
  -------         ENDPROC       IRM_INIT
  -------         ENDMOD        IRM

  -------         MODULE        ?C?CLDPTR
  C:046CH         PUBLIC        ?C?CLDPTR
  -------         ENDMOD        ?C?CLDPTR

  -------         MODULE        PRINTF
  D:0037H         PUBLIC        ?_PRINTF517?BYTE
  D:0037H         PUBLIC        ?_PRINTF?BYTE
  D:0037H         PUBLIC        ?_SPRINTF517?BYTE
  D:0037H         PUBLIC        ?_SPRINTF?BYTE
  C:0088H         PUBLIC        _PRINTF
  C:0088H         PUBLIC        _PRINTF517
  C:0082H         PUBLIC        _SPRINTF
  C:0082H         PUBLIC        _SPRINTF517
  -------         ENDMOD        PRINTF

  -------         MODULE        ?C?CLDOPTR
  C:0485H         PUBLIC        ?C?CLDOPTR
  -------         ENDMOD        ?C?CLDOPTR

  -------         MODULE        ?C?CSTPTR
  C:04B2H         PUBLIC        ?C?CSTPTR
  -------         ENDMOD        ?C?CSTPTR

  -------         MODULE        ?C?PLDIIDATA
  C:04C4H         PUBLIC        ?C?PLDIIDATA
  -------         ENDMOD        ?C?PLDIIDATA

  -------         MODULE        ?C?CCASE
  C:04D4H         PUBLIC        ?C?CCASE
  -------         ENDMOD        ?C?CCASE

*** WARNING L15: MULTIPLE CALL TO SEGMENT
    SEGMENT: ?PR?PRINTF?PRINTF
    CALLER1: ?C_C51STARTUP
    CALLER2: ?PR?EXINT0?IRM

Program Size: data=74.4 xdata=0 code=1685
LINK/LOCATE RUN COMPLETE.  1 WARNING(S),  0 ERROR(S)
