C51 COMPILER V9.60.7.0   IRM                                                               03/18/2025 13:52:08 PAGE 1   


C51 COMPILER V9.60.7.0, COMPILATION OF MODULE IRM
OBJECT MODULE PLACED IN .\Objects\IRM.obj
COMPILER INVOKED BY: D:\mcu\Keil_v5\C51\BIN\C51.EXE bsp\1838\IRM.c OPTIMIZE(8,SPEED) BROWSE INCDIR(.\main;.\system;.\bsp
                    -\1838;.\bsp\ds18b20) DEBUG OBJECTEXTEND PRINT(.\Listings\IRM.lst) TABS(2) OBJECT(.\Objects\IRM.obj)

line level    source

   1          #include "IRM.h"
   2          #include "uart.h"
   3          
   4          
   5          volatile unsigned char ir_data[4];  // 存储接收数据
   6          volatile bit ir_flag = 0;  // 数据接收完成标志
   7          volatile unsigned char bit_count = 0, byte_count = 0;
   8          
   9          void Timer0_Init(void) {
  10   1      //    TMOD &= 0xF0;  // 设定定时器模式
  11   1      //    TMOD |= 0x01;  // 模式 1（16 位定时器）
  12   1          AUXR |= (1<<7); 
  13   1          TMOD |= (1<<3);
  14   1          
  15   1          TH0 = 0;
  16   1          TL0 = 0;
  17   1          ET0 = 1;  // 使能定时器 0 中断
  18   1          EA = 1;   // 使能全局中断
  19   1          TR0 = 1;  // 启动定时器
  20   1      }
  21          
  22          void INT0_Init(void) {
  23   1          IT0 = 1;  // 下降沿触发
  24   1          EX0 = 1;  // 使能外部中断 0
  25   1          EA = 1;   // 使能全局中断
  26   1      }
  27          
  28          void Timer0_ISR(void) interrupt 1 {
  29   1          TR0 = 0;
  30   1        
  31   1          if (bit_count < 32) {
  32   2              if (TH0 >= 0xFC)
  33   2                  ir_data[byte_count] |= (1 << (7 - (bit_count % 8)));
  34   2              bit_count++;
  35   2              if (bit_count % 8 == 0) byte_count++;
  36   2          } else {
  37   2              ir_flag = 1;
  38   2              bit_count = 0;
  39   2              byte_count = 0;
  40   2          }
  41   1      }
  42          
  43          void INT0_ISR(void) interrupt 0 {
  44   1          TH0 = 0;
  45   1          TL0 = 0;
  46   1          TR0 = 1;
  47   1      }
  48          
  49          void irm_init(void)
  50          {
  51   1          INT0_Init();
  52   1          Timer0_Init();
  53   1      
  54   1      }
C51 COMPILER V9.60.7.0   IRM                                                               03/18/2025 13:52:08 PAGE 2   



MODULE INFORMATION:   STATIC OVERLAYABLE
   CODE SIZE        =    134    ----
   CONSTANT SIZE    =   ----    ----
   XDATA SIZE       =   ----    ----
   PDATA SIZE       =   ----    ----
   DATA SIZE        =      6    ----
   IDATA SIZE       =   ----    ----
   BIT SIZE         =      1    ----
END OF MODULE INFORMATION.


C51 COMPILATION COMPLETE.  0 WARNING(S),  0 ERROR(S)
