BL51 BANKED LINKER/LOCATER V6.22.4.0                                                    03/18/2025  13:54:17  PAGE 1


BL51 BANKED LINKER/LOCATER V6.22.4.0, INVOKED BY:
D:\MCU\KEIL_V5\C51\BIN\BL51.EXE .\Objects\STARTUP.obj, .\Objects\main.obj, .\Objects\uart.obj, .\Objects\delay.obj, .\Ob
>> jects\IRM.obj, .\Objects\ds18b20.obj TO .\Objects\test PRINT (.\Listings\test.m51) RAMSIZE (256) DISABLEWARNING (16)


MEMORY MODEL: SMALL WITH FLOATING POINT ARITHMETIC


INPUT MODULES INCLUDED:
  .\Objects\STARTUP.obj (?C_STARTUP)
  .\Objects\main.obj (MAIN)
  .\Objects\uart.obj (UART)
  .\Objects\delay.obj (DELAY)
  .\Objects\IRM.obj (IRM)
  .\Objects\ds18b20.obj (DS18B20)
  D:\MCU\KEIL_V5\C51\LIB\C51FPS.LIB (?C?FPMUL)
  D:\MCU\KEIL_V5\C51\LIB\C51FPS.LIB (?C?FCAST)
  D:\MCU\KEIL_V5\C51\LIB\C51FPS.LIB (PRINTF)
  D:\MCU\KEIL_V5\C51\LIB\C51FPS.LIB (?C?FPGETOPN)
  D:\MCU\KEIL_V5\C51\LIB\C51FPS.LIB (?C?FPROUND)
  D:\MCU\KEIL_V5\C51\LIB\C51FPS.LIB (?C?FPCONVERT)
  D:\MCU\KEIL_V5\C51\LIB\C51FPS.LIB (?C?FPADD)
  D:\MCU\KEIL_V5\C51\LIB\C51FPS.LIB (?C?FPDIV)
  D:\MCU\KEIL_V5\C51\LIB\C51FPS.LIB (?C?FTNPWR)
  D:\MCU\KEIL_V5\C51\LIB\C51S.LIB (?C_INIT)
  D:\MCU\KEIL_V5\C51\LIB\C51S.LIB (?C?CLDPTR)
  D:\MCU\KEIL_V5\C51\LIB\C51S.LIB (?C?CLDOPTR)
  D:\MCU\KEIL_V5\C51\LIB\C51S.LIB (?C?CSTPTR)
  D:\MCU\KEIL_V5\C51\LIB\C51S.LIB (?C?LNEG)
  D:\MCU\KEIL_V5\C51\LIB\C51S.LIB (?C?PLDIIDATA)
  D:\MCU\KEIL_V5\C51\LIB\C51S.LIB (?C?CCASE)


LINK MAP OF MODULE:  .\Objects\test (?C_STARTUP)


            TYPE    BASE      LENGTH    RELOCATION   SEGMENT NAME
            -----------------------------------------------------

            * * * * * * *   D A T A   M E M O R Y   * * * * * * *
            REG     0000H     0008H     ABSOLUTE     "REG BANK 0"
            DATA    0008H     0012H     UNIT         ?DT?UART
            DATA    001AH     0006H     UNIT         ?DT?IRM
            BIT     0020H.0   0001H.1   UNIT         _BIT_GROUP_
            BIT     0021H.1   0000H.1   UNIT         ?BI?UART
            BIT     0021H.2   0000H.1   UNIT         ?BI?IRM
                    0021H.3   0000H.5                *** GAP ***
            DATA    0022H     0020H     UNIT         _DATA_GROUP_
            DATA    0042H     0003H     UNIT         ?DT?_UARTSENDSTR?UART
            IDATA   0045H     0001H     UNIT         ?STACK

            * * * * * * *   C O D E   M E M O R Y   * * * * * * *
            CODE    0000H     0003H     ABSOLUTE     
            CODE    0003H     0003H     ABSOLUTE     
                    0006H     0005H                  *** GAP ***
            CODE    000BH     0003H     ABSOLUTE     
            CODE    000EH     0014H     UNIT         ?PR?SYSTEM_INIT?MAIN
                    0022H     0001H                  *** GAP ***
BL51 BANKED LINKER/LOCATER V6.22.4.0                                                  03/18/2025  13:54:17  PAGE 2


            CODE    0023H     0003H     ABSOLUTE     
            CODE    0026H     0564H     UNIT         ?C?LIB_CODE
            CODE    058AH     046FH     UNIT         ?PR?PRINTF?PRINTF
            CODE    09F9H     008CH     UNIT         ?C_C51STARTUP
            CODE    0A85H     005EH     UNIT         ?PR?TIMER0_ISR?IRM
            CODE    0AE3H     004EH     UNIT         ?PR?DS18B20_GETTEMP?DS18B20
            CODE    0B31H     0038H     UNIT         ?PR?MAIN?MAIN
            CODE    0B69H     0036H     UNIT         ?PR?DS18B20_READBYTE?DS18B20
            CODE    0B9FH     002DH     UNIT         ?PR?UARTISR?UART
            CODE    0BCCH     002CH     UNIT         ?PR?_DS18B20_WRITEBYTE?DS18B20
            CODE    0BF8H     0025H     UNIT         ?PR?_UARTSENDSTR?UART
            CODE    0C1DH     0021H     UNIT         ?PR?DS18B20_INIT?DS18B20
            CODE    0C3EH     001DH     UNIT         ?CO?MAIN
            CODE    0C5BH     001AH     UNIT         ?PR?_DELAY_US?DELAY
            CODE    0C75H     0018H     UNIT         ?PR?UARTINIT?UART
            CODE    0C8DH     0018H     UNIT         ?PR?_DELAY_MS?DELAY
            CODE    0CA5H     0012H     UNIT         ?PR?TIMER0_INIT?IRM
            CODE    0CB7H     0009H     UNIT         ?PR?INT0_ISR?IRM
            CODE    0CC0H     0009H     UNIT         ?C_INITSEG
            CODE    0CC9H     0008H     UNIT         ?PR?_UARTSEND?UART
            CODE    0CD1H     0008H     UNIT         ?PR?_PUTCHAR?UART
            CODE    0CD9H     0007H     UNIT         ?PR?INT0_INIT?IRM
            CODE    0CE0H     0006H     UNIT         ?PR?IRM_INIT?IRM



OVERLAY MAP OF MODULE:   .\Objects\test (?C_STARTUP)


SEGMENT                                   BIT_GROUP          DATA_GROUP 
  +--> CALLED SEGMENT                  START    LENGTH     START    LENGTH
--------------------------------------------------------------------------
?C_C51STARTUP                          -----    -----      -----    -----
  +--> ?PR?MAIN?MAIN
  +--> ?C_INITSEG

?PR?MAIN?MAIN                          -----    -----      0022H    0004H
  +--> ?PR?SYSTEM_INIT?MAIN
  +--> ?CO?MAIN
  +--> ?PR?PRINTF?PRINTF
  +--> ?PR?DS18B20_GETTEMP?DS18B20
  +--> ?PR?_DELAY_MS?DELAY

?PR?SYSTEM_INIT?MAIN                   -----    -----      -----    -----
  +--> ?PR?UARTINIT?UART
  +--> ?PR?DS18B20_INIT?DS18B20

?PR?DS18B20_INIT?DS18B20               0020H.0  0000H.1    -----    -----
  +--> ?PR?_DELAY_US?DELAY

?PR?PRINTF?PRINTF                      0020H.0  0001H.1    0026H    001CH
  +--> ?PR?_PUTCHAR?UART

?PR?DS18B20_GETTEMP?DS18B20            -----    -----      0026H    0001H
  +--> ?PR?DS18B20_INIT?DS18B20
  +--> ?PR?_DS18B20_WRITEBYTE?DS18B20
  +--> ?PR?_DELAY_MS?DELAY
BL51 BANKED LINKER/LOCATER V6.22.4.0                                                  03/18/2025  13:54:17  PAGE 3


  +--> ?PR?DS18B20_READBYTE?DS18B20

?PR?_DS18B20_WRITEBYTE?DS18B20         -----    -----      0027H    0002H
  +--> ?PR?_DELAY_US?DELAY

?PR?_DELAY_MS?DELAY                    -----    -----      -----    -----
  +--> ?PR?_DELAY_US?DELAY

?PR?DS18B20_READBYTE?DS18B20           -----    -----      0027H    0002H
  +--> ?PR?_DELAY_US?DELAY



SYMBOL TABLE OF MODULE:  .\Objects\test (?C_STARTUP)

  VALUE           TYPE          NAME
  ----------------------------------

  -------         MODULE        ?C_STARTUP
  C:09F9H         SEGMENT       ?C_C51STARTUP
  I:0045H         SEGMENT       ?STACK
  C:0000H         PUBLIC        ?C_STARTUP
  D:00E0H         SYMBOL        ACC
  D:00F0H         SYMBOL        B
  D:0083H         SYMBOL        DPH
  D:0082H         SYMBOL        DPL
  N:0000H         SYMBOL        IBPSTACK
  N:0100H         SYMBOL        IBPSTACKTOP
  N:0080H         SYMBOL        IDATALEN
  C:09FCH         SYMBOL        IDATALOOP
  N:0000H         SYMBOL        PBPSTACK
  N:0100H         SYMBOL        PBPSTACKTOP
  N:0000H         SYMBOL        PDATALEN
  N:0000H         SYMBOL        PDATASTART
  N:0000H         SYMBOL        PPAGE
  N:0000H         SYMBOL        PPAGEENABLE
  D:00A0H         SYMBOL        PPAGE_SFR
  D:0081H         SYMBOL        SP
  C:09F9H         SYMBOL        STARTUP1
  N:0000H         SYMBOL        XBPSTACK
  N:0000H         SYMBOL        XBPSTACKTOP
  N:0000H         SYMBOL        XDATALEN
  N:0000H         SYMBOL        XDATASTART
  C:0000H         LINE#         126
  C:09F9H         LINE#         133
  C:09FBH         LINE#         134
  C:09FCH         LINE#         135
  C:09FDH         LINE#         136
  C:09FFH         LINE#         185
  C:0A02H         LINE#         196
  -------         ENDMOD        ?C_STARTUP

  -------         MODULE        MAIN
  C:0000H         SYMBOL        _ICE_DUMMY_
  C:000EH         PUBLIC        System_Init
  D:0080H         PUBLIC        P0
  D:00B2H         PUBLIC        P3M0
BL51 BANKED LINKER/LOCATER V6.22.4.0                                                  03/18/2025  13:54:17  PAGE 4


  D:0090H         PUBLIC        P1
  D:00B1H         PUBLIC        P3M1
  D:00A0H         PUBLIC        P2
  D:00CAH         PUBLIC        P5M0
  D:00B0H         PUBLIC        P3
  D:00C9H         PUBLIC        P5M1
  D:00C0H         PUBLIC        P4
  D:00C8H         PUBLIC        P5
  D:00E8H         PUBLIC        P6
  B:00A8H.7       PUBLIC        EA
  D:00F8H         PUBLIC        P7
  D:00BAH         PUBLIC        P_SW2
  D:00A8H         PUBLIC        IE
  D:00B8H         PUBLIC        IP
  D:00D8H         PUBLIC        CCON
  C:0B31H         PUBLIC        main
  D:0098H         PUBLIC        SCON
  D:0088H         PUBLIC        TCON
  B:00C8H.4       PUBLIC        P54
  B:00C8H.5       PUBLIC        P55
  D:00D0H         PUBLIC        PSW
  -------         PROC          SYSTEM_INIT
  C:000EH         LINE#         7
  C:000EH         LINE#         8
  C:000EH         LINE#         9
  C:0011H         LINE#         10
  C:0014H         LINE#         12
  C:0017H         LINE#         13
  C:001AH         LINE#         15
  C:001DH         LINE#         16
  C:001FH         LINE#         17
  -------         ENDPROC       SYSTEM_INIT
  -------         PROC          MAIN
  -------         DO            
  D:0022H         SYMBOL        temp
  -------         ENDDO         
  C:0B31H         LINE#         20
  C:0B31H         LINE#         21
  C:0B31H         LINE#         22
  C:0B34H         LINE#         24
  C:0B37H         LINE#         25
  C:0B40H         LINE#         26
  C:0B42H         LINE#         27
  C:0B44H         LINE#         28
  C:0B44H         LINE#         29
  C:0B44H         LINE#         30
  C:0B4FH         LINE#         31
  C:0B60H         LINE#         32
  C:0B67H         LINE#         33
  -------         ENDPROC       MAIN
  -------         ENDMOD        MAIN

  -------         MODULE        UART
  C:0000H         SYMBOL        _ICE_DUMMY_
  D:0080H         PUBLIC        P0
  D:0090H         PUBLIC        P1
  D:00A0H         PUBLIC        P2
BL51 BANKED LINKER/LOCATER V6.22.4.0                                                  03/18/2025  13:54:17  PAGE 5


  D:00B0H         PUBLIC        P3
  D:00C0H         PUBLIC        P4
  D:00C8H         PUBLIC        P5
  D:00E8H         PUBLIC        P6
  D:00F8H         PUBLIC        P7
  D:00A8H         PUBLIC        IE
  D:00B8H         PUBLIC        IP
  B:0098H.0       PUBLIC        RI
  B:0098H.1       PUBLIC        TI
  D:00D8H         PUBLIC        CCON
  C:0CC9H         PUBLIC        _UartSend
  D:0099H         PUBLIC        SBUF
  D:0098H         PUBLIC        SCON
  C:0C75H         PUBLIC        UartInit
  D:0089H         PUBLIC        TMOD
  D:0088H         PUBLIC        TCON
  D:008EH         PUBLIC        AUXR
  B:0021H.1       PUBLIC        busy
  D:0008H         PUBLIC        rptr
  D:008DH         PUBLIC        TH1
  C:0B9FH         PUBLIC        UartIsr
  D:0009H         PUBLIC        wptr
  D:008BH         PUBLIC        TL1
  B:0088H.6       PUBLIC        TR1
  C:0BF8H         PUBLIC        _UartSendStr
  D:00D0H         PUBLIC        PSW
  C:0CD1H         PUBLIC        _putchar
  D:000AH         PUBLIC        buffer
  -------         PROC          UARTINIT
  C:0C75H         LINE#         12
  C:0C75H         LINE#         13
  C:0C75H         LINE#         15
  C:0C78H         LINE#         16
  C:0C7BH         LINE#         17
  C:0C7EH         LINE#         18
  C:0C81H         LINE#         19
  C:0C83H         LINE#         20
  C:0C86H         LINE#         21
  C:0C88H         LINE#         22
  C:0C8AH         LINE#         23
  C:0C8CH         LINE#         24
  -------         ENDPROC       UARTINIT
  -------         PROC          _UARTSEND
  D:0007H         SYMBOL        dat
  C:0CC9H         LINE#         25
  C:0CC9H         LINE#         26
  C:0CC9H         LINE#         27
  C:0CCCH         LINE#         28
  C:0CCEH         LINE#         29
  C:0CD0H         LINE#         30
  -------         ENDPROC       _UARTSEND
  -------         PROC          _UARTSENDSTR
  D:0042H         SYMBOL        p
  C:0BF8H         LINE#         31
  C:0BFEH         LINE#         32
  C:0BFEH         LINE#         33
  C:0C09H         LINE#         34
BL51 BANKED LINKER/LOCATER V6.22.4.0                                                  03/18/2025  13:54:17  PAGE 6


  C:0C09H         LINE#         35
  C:0C1AH         LINE#         36
  C:0C1CH         LINE#         37
  -------         ENDPROC       _UARTSENDSTR
  -------         PROC          UARTISR
  C:0B9FH         LINE#         40
  C:0BAAH         LINE#         42
  C:0BADH         LINE#         43
  C:0BADH         LINE#         44
  C:0BAFH         LINE#         45
  C:0BB1H         LINE#         46
  C:0BB1H         LINE#         47
  C:0BB4H         LINE#         48
  C:0BB4H         LINE#         49
  C:0BB6H         LINE#         50
  C:0BC0H         LINE#         51
  C:0BC3H         LINE#         52
  C:0BC3H         LINE#         53
  -------         ENDPROC       UARTISR
  -------         PROC          _PUTCHAR
  D:0007H         SYMBOL        ch
  C:0CD1H         LINE#         55
  C:0CD1H         LINE#         56
  C:0CD1H         LINE#         57
  C:0CD3H         LINE#         58
  C:0CD6H         LINE#         59
  C:0CD8H         LINE#         60
  C:0CD8H         LINE#         61
  -------         ENDPROC       _PUTCHAR
  -------         ENDMOD        UART

  -------         MODULE        DELAY
  C:0000H         SYMBOL        _ICE_DUMMY_
  D:0080H         PUBLIC        P0
  D:0090H         PUBLIC        P1
  D:00A0H         PUBLIC        P2
  D:00B0H         PUBLIC        P3
  D:00C0H         PUBLIC        P4
  D:00C8H         PUBLIC        P5
  D:00E8H         PUBLIC        P6
  D:00F8H         PUBLIC        P7
  D:00A8H         PUBLIC        IE
  D:00B8H         PUBLIC        IP
  D:00D8H         PUBLIC        CCON
  C:0C8DH         PUBLIC        _Delay_ms
  D:0098H         PUBLIC        SCON
  D:0088H         PUBLIC        TCON
  C:0C5BH         PUBLIC        _Delay_us
  D:00D0H         PUBLIC        PSW
  -------         PROC          _DELAY_US
  D:0006H         SYMBOL        us
  C:0C5BH         LINE#         3
  C:0C5BH         LINE#         4
  C:0C5BH         LINE#         5
  C:0C65H         LINE#         6
  C:0C69H         LINE#         7
  C:0C6DH         LINE#         8
BL51 BANKED LINKER/LOCATER V6.22.4.0                                                  03/18/2025  13:54:17  PAGE 7


  C:0C71H         LINE#         9
  C:0C72H         LINE#         10
  C:0C74H         LINE#         11
  -------         ENDPROC       _DELAY_US
  -------         PROC          _DELAY_MS
  D:0002H         SYMBOL        ms
  C:0C8DH         LINE#         13
  C:0C91H         LINE#         14
  C:0C91H         LINE#         15
  C:0C9BH         LINE#         16
  C:0CA2H         LINE#         17
  C:0CA4H         LINE#         18
  -------         ENDPROC       _DELAY_MS
  -------         ENDMOD        DELAY

  -------         MODULE        IRM
  C:0000H         SYMBOL        _ICE_DUMMY_
  D:0080H         PUBLIC        P0
  D:0090H         PUBLIC        P1
  D:00A0H         PUBLIC        P2
  D:00B0H         PUBLIC        P3
  C:0A85H         PUBLIC        Timer0_ISR
  D:00C0H         PUBLIC        P4
  D:00C8H         PUBLIC        P5
  D:00E8H         PUBLIC        P6
  B:00A8H.7       PUBLIC        EA
  D:00F8H         PUBLIC        P7
  D:00A8H         PUBLIC        IE
  C:0CD9H         PUBLIC        INT0_Init
  D:00B8H         PUBLIC        IP
  D:00D8H         PUBLIC        CCON
  C:0CA5H         PUBLIC        Timer0_Init
  D:0098H         PUBLIC        SCON
  D:0089H         PUBLIC        TMOD
  D:0088H         PUBLIC        TCON
  D:008EH         PUBLIC        AUXR
  D:001AH         PUBLIC        byte_count
  B:00A8H.1       PUBLIC        ET0
  D:008CH         PUBLIC        TH0
  D:001BH         PUBLIC        bit_count
  B:00A8H.0       PUBLIC        EX0
  B:0088H.0       PUBLIC        IT0
  D:008AH         PUBLIC        TL0
  B:0088H.4       PUBLIC        TR0
  B:0021H.2       PUBLIC        ir_flag
  D:001CH         PUBLIC        ir_data
  C:0CE0H         PUBLIC        irm_init
  C:0CB7H         PUBLIC        INT0_ISR
  D:00D0H         PUBLIC        PSW
  -------         PROC          TIMER0_INIT
  C:0CA5H         LINE#         9
  C:0CA5H         LINE#         12
  C:0CA8H         LINE#         13
  C:0CABH         LINE#         15
  C:0CAEH         LINE#         16
  C:0CB0H         LINE#         17
  C:0CB2H         LINE#         18
BL51 BANKED LINKER/LOCATER V6.22.4.0                                                  03/18/2025  13:54:17  PAGE 8


  C:0CB4H         LINE#         19
  C:0CB6H         LINE#         20
  -------         ENDPROC       TIMER0_INIT
  -------         PROC          INT0_INIT
  C:0CD9H         LINE#         22
  C:0CD9H         LINE#         23
  C:0CDBH         LINE#         24
  C:0CDDH         LINE#         25
  C:0CDFH         LINE#         26
  -------         ENDPROC       INT0_INIT
  -------         PROC          TIMER0_ISR
  C:0A85H         LINE#         28
  C:0A92H         LINE#         29
  C:0A94H         LINE#         31
  C:0A9BH         LINE#         32
  C:0AA2H         LINE#         33
  C:0AC4H         LINE#         34
  C:0AC6H         LINE#         35
  C:0ACEH         LINE#         36
  C:0AD0H         LINE#         37
  C:0AD2H         LINE#         38
  C:0AD5H         LINE#         39
  C:0AD8H         LINE#         40
  C:0AD8H         LINE#         41
  -------         ENDPROC       TIMER0_ISR
  -------         PROC          INT0_ISR
  C:0CB7H         LINE#         43
  C:0CB7H         LINE#         44
  C:0CBAH         LINE#         45
  C:0CBDH         LINE#         46
  C:0CBFH         LINE#         47
  -------         ENDPROC       INT0_ISR
  -------         PROC          IRM_INIT
  C:0CE0H         LINE#         49
  C:0CE0H         LINE#         50
  C:0CE0H         LINE#         51
  C:0CE3H         LINE#         52
  -------         ENDPROC       IRM_INIT
  -------         ENDMOD        IRM

  -------         MODULE        DS18B20
  C:0000H         SYMBOL        _ICE_DUMMY_
  D:0080H         PUBLIC        P0
  D:0090H         PUBLIC        P1
  D:00A0H         PUBLIC        P2
  D:00B0H         PUBLIC        P3
  D:00C0H         PUBLIC        P4
  D:00C8H         PUBLIC        P5
  D:00E8H         PUBLIC        P6
  D:00F8H         PUBLIC        P7
  D:00A8H         PUBLIC        IE
  D:00B8H         PUBLIC        IP
  C:0B69H         SYMBOL        DS18B20_ReadByte
  C:0C1DH         PUBLIC        DS18B20_Init
  D:00D8H         PUBLIC        CCON
  C:0BCCH         SYMBOL        _DS18B20_WriteByte
  D:0098H         PUBLIC        SCON
BL51 BANKED LINKER/LOCATER V6.22.4.0                                                  03/18/2025  13:54:17  PAGE 9


  D:0088H         PUBLIC        TCON
  B:00B0H.3       PUBLIC        P33
  C:0AE3H         PUBLIC        DS18B20_GetTemp
  D:00D0H         PUBLIC        PSW
  -------         PROC          DS18B20_INIT
  -------         DO            
  B:0020H.0       SYMBOL        presence
  -------         ENDDO         
  C:0C1DH         LINE#         4
  C:0C1DH         LINE#         6
  C:0C1FH         LINE#         7
  C:0C26H         LINE#         8
  C:0C28H         LINE#         9
  C:0C2FH         LINE#         10
  C:0C33H         LINE#         11
  C:0C3AH         LINE#         12
  C:0C3DH         LINE#         13
  -------         ENDPROC       DS18B20_INIT
  -------         PROC          _DS18B20_WRITEBYTE
  D:0027H         SYMBOL        dat
  -------         DO            
  D:0028H         SYMBOL        i
  -------         ENDDO         
  C:0BCCH         LINE#         15
  C:0BCEH         LINE#         17
  C:0BD1H         LINE#         18
  C:0BD3H         LINE#         19
  C:0BDAH         LINE#         20
  C:0BDFH         LINE#         21
  C:0BE6H         LINE#         22
  C:0BE8H         LINE#         23
  C:0BEEH         LINE#         24
  C:0BF7H         LINE#         25
  -------         ENDPROC       _DS18B20_WRITEBYTE
  -------         PROC          DS18B20_READBYTE
  -------         DO            
  D:0027H         SYMBOL        i
  D:0028H         SYMBOL        dat
  -------         ENDDO         
  C:0B69H         LINE#         27
  C:0B69H         LINE#         28
  C:0B6CH         LINE#         29
  C:0B6EH         LINE#         30
  C:0B70H         LINE#         31
  C:0B77H         LINE#         32
  C:0B79H         LINE#         33
  C:0B80H         LINE#         34
  C:0B86H         LINE#         35
  C:0B8CH         LINE#         36
  C:0B93H         LINE#         37
  C:0B9CH         LINE#         38
  C:0B9EH         LINE#         39
  -------         ENDPROC       DS18B20_READBYTE
  -------         PROC          DS18B20_GETTEMP
  -------         DO            
  D:0026H         SYMBOL        tempL
  D:0007H         SYMBOL        tempH
BL51 BANKED LINKER/LOCATER V6.22.4.0                                                  03/18/2025  13:54:17  PAGE 10


  D:0006H         SYMBOL        temp
  -------         ENDDO         
  C:0AE3H         LINE#         41
  C:0AE3H         LINE#         44
  C:0AEAH         LINE#         45
  C:0AEFH         LINE#         46
  C:0AF4H         LINE#         47
  C:0AFBH         LINE#         48
  C:0B08H         LINE#         49
  C:0B0DH         LINE#         50
  C:0B12H         LINE#         51
  C:0B17H         LINE#         52
  C:0B1AH         LINE#         53
  C:0B1FH         LINE#         54
  C:0B30H         LINE#         55
  -------         ENDPROC       DS18B20_GETTEMP
  -------         ENDMOD        DS18B20

  -------         MODULE        ?C?FPMUL
  C:0026H         PUBLIC        ?C?FPMUL
  -------         ENDMOD        ?C?FPMUL

  -------         MODULE        ?C?FCAST
  C:0136H         PUBLIC        ?C?FCASTC
  C:0131H         PUBLIC        ?C?FCASTI
  C:012CH         PUBLIC        ?C?FCASTL
  -------         ENDMOD        ?C?FCAST

  -------         MODULE        PRINTF
  D:0026H         PUBLIC        ?_PRINTF?BYTE
  D:0026H         PUBLIC        ?_SPRINTF?BYTE
  C:05ECH         PUBLIC        _PRINTF
  C:05E6H         PUBLIC        _SPRINTF
  -------         ENDMOD        PRINTF

  -------         MODULE        ?C?FPROUND
  C:01B4H         PUBLIC        ?C?FPROUND
  -------         ENDMOD        ?C?FPROUND

  -------         MODULE        ?C?FPCONVERT
  C:01E3H         PUBLIC        ?C?FPCONVERT
  -------         ENDMOD        ?C?FPCONVERT

  -------         MODULE        ?C?FPADD
  C:02EDH         PUBLIC        ?C?FPADD
  C:02E9H         PUBLIC        ?C?FPSUB
  -------         ENDMOD        ?C?FPADD

  -------         MODULE        ?C?FPDIV
  C:03E1H         PUBLIC        ?C?FPDIV
  -------         ENDMOD        ?C?FPDIV

  -------         MODULE        ?C?FTNPWR
  C:04AEH         PUBLIC        ?C?FTNPWR
  -------         ENDMOD        ?C?FTNPWR

  -------         MODULE        ?C?CLDPTR
BL51 BANKED LINKER/LOCATER V6.22.4.0                                                  03/18/2025  13:54:17  PAGE 11


  C:04EEH         PUBLIC        ?C?CLDPTR
  -------         ENDMOD        ?C?CLDPTR

  -------         MODULE        ?C?CLDOPTR
  C:0507H         PUBLIC        ?C?CLDOPTR
  -------         ENDMOD        ?C?CLDOPTR

  -------         MODULE        ?C?CSTPTR
  C:0534H         PUBLIC        ?C?CSTPTR
  -------         ENDMOD        ?C?CSTPTR

  -------         MODULE        ?C?LNEG
  C:0546H         PUBLIC        ?C?LNEG
  -------         ENDMOD        ?C?LNEG

  -------         MODULE        ?C?PLDIIDATA
  C:0554H         PUBLIC        ?C?PLDIIDATA
  -------         ENDMOD        ?C?PLDIIDATA

  -------         MODULE        ?C?CCASE
  C:0564H         PUBLIC        ?C?CCASE
  -------         ENDMOD        ?C?CCASE

Program Size: data=69.3 xdata=0 code=3296
LINK/LOCATE RUN COMPLETE.  0 WARNING(S),  0 ERROR(S)
