C51 COMPILER V9.54   MAIN                                                                  03/17/2025 19:42:33 PAGE 1   


C51 COMPILER V9.54, COMPILATION OF MODULE MAIN
OBJECT MODULE PLACED IN .\list\main.obj
COMPILER INVOKED BY: D:\keil5\C51\BIN\C51.EXE main.c OMF2 OPTIMIZE(8,SPEED) BROWSE DEBUG PRINT(.\list\main.lst) TABS(2) 
                    -OBJECT(.\list\main.obj)

line level    source

   1          /*---------------------------------------------------------------------*/
   2          /* --- STC MCU Limited ------------------------------------------------*/
   3          /* --- STC 1T Series MCU Demo Programme -------------------------------*/
   4          /* --- Mobile: (86)13922805190 ----------------------------------------*/
   5          /* --- Fax: 86-0513-55012956,55012947,55012969 ------------------------*/
   6          /* --- Tel: 86-0513-55012928,55012929,55012966 ------------------------*/
   7          /* --- Web: www.STCAI.com ---------------------------------------------*/
   8          /* --- BBS: www.STCAIMCU.com  -----------------------------------------*/
   9          /* --- QQ:  800003751 -------------------------------------------------*/
  10          /* 如果要在程序中使用此代码,请在程序中注明使用了STC的资料及程序            */
  11          /*---------------------------------------------------------------------*/
  12          
  13          #include  "config.h"
  14          #include  "STC8G_H_GPIO.h"
  15          #include  "STC8G_H_UART.h"
  16          #include  "STC8G_H_Delay.h"
  17          #include  "STC8G_H_NVIC.h"
  18          #include  "STC8G_H_Switch.h"
  19          
  20          /*************  功能说明  **************
  21          
  22          本例程基于STC8H8K64U为主控芯片的实验箱8进行编写测试，STC8G、STC8H系列芯片可通用参考.
  23          
  24          双串口全双工中断方式收发通讯程序。
  25          
  26          通过PC向MCU发送数据, MCU收到后通过串口把收到的数据原样返回, 默认波特率：115200,N,8,1.
  27          
  28          通过开启 STC8G_H_UART.h 头文件里面的 UART1~UART4 定义，启动不同通道的串口通信。
  29          
  30          用定时器做波特率发生器，建议使用1T模式(除非低波特率用12T)，并选择可被波特率整除的时钟频率，以提高精度。
  31          
  32          下载时, 选择时钟 22.1184MHz (用户可在"config.h"修改频率).
  33          
  34          ******************************************/
  35          
  36          /*************  本地常量声明  **************/
  37          
  38          
  39          /*************  本地变量声明  **************/
  40          
  41          
  42          /*************  本地函数声明  **************/
  43          
  44          
  45          /*************  外部函数和变量声明 *****************/
  46          
  47          
  48          /******************* IO配置函数 *******************/
  49          void  GPIO_config(void)
  50          {
  51   1        GPIO_InitTypeDef  GPIO_InitStructure;   //结构定义
  52   1        
  53   1        GPIO_InitStructure.Pin  = GPIO_Pin_4 | GPIO_Pin_5;    //指定要初始化的IO, GPIO_Pin_0 ~ GPIO_Pin_7
  54   1        GPIO_InitStructure.Mode = GPIO_OUT_PP;  //指定IO的输入或输出方式,GPIO_PullUp,GPIO_HighZ,GPIO_OUT_OD,GPIO_O
C51 COMPILER V9.54   MAIN                                                                  03/17/2025 19:42:33 PAGE 2   

             -UT_PP
  55   1        GPIO_Inilize(GPIO_P5,&GPIO_InitStructure);  //初始化
  56   1      }
  57          
  58          /***************  串口初始化函数 *****************/
  59          void  UART_config(void)
  60          {
  61   1        COMx_InitDefine   COMx_InitStructure;         //结构定义
  62   1      
  63   1        COMx_InitStructure.UART_Mode      = UART_8bit_BRTx; //模式, UART_ShiftRight,UART_8bit_BRTx,UART_9bit,UART
             -_9bit_BRTx
  64   1        COMx_InitStructure.UART_BRT_Use   = BRT_Timer1;     //选择波特率发生器, BRT_Timer1, BRT_Timer2 (注意: 串口2
             -固定使用BRT_Timer2)
  65   1        COMx_InitStructure.UART_BaudRate  = 115200ul;     //波特率, 一般 110 ~ 115200
  66   1        COMx_InitStructure.UART_RxEnable  = ENABLE;       //接收允许,   ENABLE或DISABLE
  67   1        COMx_InitStructure.BaudRateDouble = DISABLE;      //波特率加倍, ENABLE或DISABLE
  68   1        UART_Configuration(UART1, &COMx_InitStructure);   //初始化串口1 UART1,UART2,UART3,UART4
  69   1        NVIC_UART1_Init(ENABLE,Priority_1);   //中断使能, ENABLE/DISABLE; 优先级(低到高) Priority_0,Priority_1,Pri
             -ority_2,Priority_3
  70   1      
  71   1        UART1_SW(UART1_SW_P30_P31);   //UART1_SW_P30_P31,UART1_SW_P36_P37,UART1_SW_P16_P17,UART1_SW_P43_P44
  72   1      }
  73          
  74          
  75          /**********************************************/
  76          void main(void)
  77          {
  78   1        u8  i;
  79   1      
  80   1        EAXSFR();   /* 扩展寄存器访问使能 */
  81   1        GPIO_config();
  82   1        UART_config();
  83   1        EA = 1;
  84   1      
  85   1        printf("STC8H8K64U UART1 Test Programme!\r\n"); //UART1发送一个字符串
  86   1        P54=1;
  87   1        P55=0;
  88   1        while (1)
  89   1        {
  90   2          P54 =~P54;
  91   2          P55 =~P55;
  92   2          delay_ms(250);
  93   2          delay_ms(250);
  94   2          delay_ms(250);
  95   2          delay_ms(250);
  96   2          printf("System Run!\r\n");
  97   2        }
  98   1      }
*** WARNING C280 IN LINE 78 OF main.c: 'i': unreferenced local variable
  99          
 100          
 101          


MODULE INFORMATION:   STATIC OVERLAYABLE
   CODE SIZE        =    121    ----
   CONSTANT SIZE    =     49    ----
   XDATA SIZE       =   ----    ----
   PDATA SIZE       =   ----    ----
   DATA SIZE        =   ----      12
   IDATA SIZE       =   ----    ----
   BIT SIZE         =   ----    ----
C51 COMPILER V9.54   MAIN                                                                  03/17/2025 19:42:33 PAGE 3   

   EDATA SIZE       =   ----    ----
   HDATA SIZE       =   ----    ----
   XDATA CONST SIZE =   ----    ----
   FAR CONST SIZE   =   ----    ----
END OF MODULE INFORMATION.


C51 COMPILATION COMPLETE.  1 WARNING(S),  0 ERROR(S)
