BL51 BANKED LINKER/LOCATER V6.22.4.0                                                    03/17/2025  23:31:42  PAGE 1


BL51 BANKED LINKER/LOCATER V6.22.4.0, INVOKED BY:
D:\MCU\KEIL_V5\C51\BIN\BL51.EXE .\Objects\STARTUP.obj, .\Objects\main.obj, .\Objects\uart.obj TO .\Objects\test PRINT (.
>> \Listings\test.m51) RAMSIZE (256) DISABLEWARNING (16)


MEMORY MODEL: SMALL


INPUT MODULES INCLUDED:
  .\Objects\STARTUP.obj (?C_STARTUP)
  .\Objects\main.obj (MAIN)
  .\Objects\uart.obj (UART)
  D:\MCU\KEIL_V5\C51\LIB\C51S.LIB (?C?CLDPTR)
  D:\MCU\KEIL_V5\C51\LIB\C51S.LIB (PRINTF)
  D:\MCU\KEIL_V5\C51\LIB\C51S.LIB (?C?CLDOPTR)
  D:\MCU\KEIL_V5\C51\LIB\C51S.LIB (?C?CSTPTR)
  D:\MCU\KEIL_V5\C51\LIB\C51S.LIB (?C?PLDIIDATA)
  D:\MCU\KEIL_V5\C51\LIB\C51S.LIB (?C?CCASE)


LINK MAP OF MODULE:  .\Objects\test (?C_STARTUP)


            TYPE    BASE      LENGTH    RELOCATION   SEGMENT NAME
            -----------------------------------------------------

            * * * * * * *   D A T A   M E M O R Y   * * * * * * *
            REG     0000H     0008H     ABSOLUTE     "REG BANK 0"
            DATA    0008H     0014H     UNIT         _DATA_GROUP_
            DATA    001CH     0003H     UNIT         ?DT?_UARTSENDSTR?UART
                    001FH     0001H                  *** GAP ***
            BIT     0020H.0   0001H.1   UNIT         _BIT_GROUP_
            BIT     0021H.1   0000H.1   UNIT         ?BI?UART
                    0021H.2   0000H.6                *** GAP ***
            DATA    0022H     0012H     UNIT         ?DT?UART
            IDATA   0034H     0001H     UNIT         ?STACK

            * * * * * * *   C O D E   M E M O R Y   * * * * * * *
            CODE    0000H     0003H     ABSOLUTE     
            CODE    0003H     0018H     UNIT         ?PR?UARTINIT?UART
            CODE    001BH     0008H     UNIT         ?PR?_UARTSEND?UART
            CODE    0023H     0003H     ABSOLUTE     
            CODE    0026H     035CH     UNIT         ?PR?PRINTF?PRINTF
            CODE    0382H     008EH     UNIT         ?C?LIB_CODE
            CODE    0410H     002DH     UNIT         ?PR?UARTISR?UART
            CODE    043DH     002BH     UNIT         ?PR?MAIN?MAIN
            CODE    0468H     0025H     UNIT         ?PR?_UARTSENDSTR?UART
            CODE    048DH     0017H     UNIT         ?PR?_DELAY_MS?MAIN
            CODE    04A4H     000FH     UNIT         ?CO?MAIN
            CODE    04B3H     000DH     UNIT         ?PR?SYSTEM_INIT?MAIN
            CODE    04C0H     000CH     UNIT         ?C_C51STARTUP
            CODE    04CCH     0008H     UNIT         ?PR?_PUTCHAR?UART



OVERLAY MAP OF MODULE:   .\Objects\test (?C_STARTUP)


BL51 BANKED LINKER/LOCATER V6.22.4.0                                                  03/17/2025  23:31:42  PAGE 2


SEGMENT                           BIT_GROUP          DATA_GROUP 
  +--> CALLED SEGMENT          START    LENGTH     START    LENGTH
------------------------------------------------------------------
?C_C51STARTUP                  -----    -----      -----    -----
  +--> ?PR?MAIN?MAIN

?PR?MAIN?MAIN                  -----    -----      -----    -----
  +--> ?PR?SYSTEM_INIT?MAIN
  +--> ?PR?UARTINIT?UART
  +--> ?CO?MAIN
  +--> ?PR?PRINTF?PRINTF
  +--> ?PR?_DELAY_MS?MAIN

?PR?PRINTF?PRINTF              0020H.0  0001H.1    0008H    0014H
  +--> ?PR?_PUTCHAR?UART



SYMBOL TABLE OF MODULE:  .\Objects\test (?C_STARTUP)

  VALUE           TYPE          NAME
  ----------------------------------

  -------         MODULE        ?C_STARTUP
  C:04C0H         SEGMENT       ?C_C51STARTUP
  I:0034H         SEGMENT       ?STACK
  C:0000H         PUBLIC        ?C_STARTUP
  D:00E0H         SYMBOL        ACC
  D:00F0H         SYMBOL        B
  D:0083H         SYMBOL        DPH
  D:0082H         SYMBOL        DPL
  N:0000H         SYMBOL        IBPSTACK
  N:0100H         SYMBOL        IBPSTACKTOP
  N:0080H         SYMBOL        IDATALEN
  C:04C3H         SYMBOL        IDATALOOP
  N:0000H         SYMBOL        PBPSTACK
  N:0100H         SYMBOL        PBPSTACKTOP
  N:0000H         SYMBOL        PDATALEN
  N:0000H         SYMBOL        PDATASTART
  N:0000H         SYMBOL        PPAGE
  N:0000H         SYMBOL        PPAGEENABLE
  D:00A0H         SYMBOL        PPAGE_SFR
  D:0081H         SYMBOL        SP
  C:04C0H         SYMBOL        STARTUP1
  N:0000H         SYMBOL        XBPSTACK
  N:0000H         SYMBOL        XBPSTACKTOP
  N:0000H         SYMBOL        XDATALEN
  N:0000H         SYMBOL        XDATASTART
  C:0000H         LINE#         126
  C:04C0H         LINE#         133
  C:04C2H         LINE#         134
  C:04C3H         LINE#         135
  C:04C4H         LINE#         136
  C:04C6H         LINE#         185
  C:04C9H         LINE#         196
  -------         ENDMOD        ?C_STARTUP

BL51 BANKED LINKER/LOCATER V6.22.4.0                                                  03/17/2025  23:31:42  PAGE 3


  -------         MODULE        MAIN
  C:0000H         SYMBOL        _ICE_DUMMY_
  C:04B3H         PUBLIC        System_Init
  D:0080H         PUBLIC        P0
  D:00B2H         PUBLIC        P3M0
  D:0090H         PUBLIC        P1
  D:00B1H         PUBLIC        P3M1
  D:00A0H         PUBLIC        P2
  D:00CAH         PUBLIC        P5M0
  D:00B0H         PUBLIC        P3
  D:00C9H         PUBLIC        P5M1
  D:00C0H         PUBLIC        P4
  D:00C8H         PUBLIC        P5
  D:00E8H         PUBLIC        P6
  B:00A8H.7       PUBLIC        EA
  D:00F8H         PUBLIC        P7
  D:00BAH         PUBLIC        P_SW2
  D:00A8H         PUBLIC        IE
  B:00A8H.4       PUBLIC        ES
  D:00B8H         PUBLIC        IP
  D:00D8H         PUBLIC        CCON
  C:043DH         PUBLIC        main
  D:0098H         PUBLIC        SCON
  D:0088H         PUBLIC        TCON
  B:00C8H.4       PUBLIC        P54
  B:00C8H.5       PUBLIC        P55
  C:0494H         PUBLIC        _delay_ms
  D:00D0H         PUBLIC        PSW
  -------         PROC          L?0012
  -------         ENDPROC       L?0012
  -------         PROC          _DELAY_MS
  D:0007H         SYMBOL        ms
  -------         DO            
  D:0004H         SYMBOL        i
  -------         ENDDO         
  C:0494H         LINE#         5
  C:0494H         LINE#         6
  C:0494H         LINE#         8
  C:0494H         LINE#         9
  C:0498H         LINE#         10
  C:04A1H         LINE#         11
  C:04A3H         LINE#         12
  -------         ENDPROC       _DELAY_MS
  -------         PROC          SYSTEM_INIT
  C:04B3H         LINE#         14
  C:04B3H         LINE#         15
  C:04B3H         LINE#         17
  C:04B6H         LINE#         18
  C:04B9H         LINE#         21
  C:04BCH         LINE#         22
  C:04BFH         LINE#         23
  -------         ENDPROC       SYSTEM_INIT
  -------         PROC          MAIN
  C:043DH         LINE#         25
  C:043DH         LINE#         26
  C:043DH         LINE#         27
  C:0440H         LINE#         29
BL51 BANKED LINKER/LOCATER V6.22.4.0                                                  03/17/2025  23:31:42  PAGE 4


  C:0443H         LINE#         30
  C:0446H         LINE#         31
  C:0448H         LINE#         32
  C:044AH         LINE#         33
  C:0453H         LINE#         34
  C:0455H         LINE#         35
  C:0457H         LINE#         36
  C:0457H         LINE#         37
  C:0457H         LINE#         38
  C:0457H         LINE#         39
  C:045AH         LINE#         40
  C:045AH         LINE#         41
  C:045DH         LINE#         42
  C:0466H         LINE#         48
  -------         ENDPROC       MAIN
  -------         ENDMOD        MAIN

  -------         MODULE        UART
  C:0000H         SYMBOL        _ICE_DUMMY_
  D:0080H         PUBLIC        P0
  D:0090H         PUBLIC        P1
  D:00A0H         PUBLIC        P2
  D:00B0H         PUBLIC        P3
  D:00C0H         PUBLIC        P4
  D:00C8H         PUBLIC        P5
  D:00E8H         PUBLIC        P6
  D:00F8H         PUBLIC        P7
  D:00A8H         PUBLIC        IE
  D:00B8H         PUBLIC        IP
  B:0098H.0       PUBLIC        RI
  B:0098H.1       PUBLIC        TI
  D:00D8H         PUBLIC        CCON
  C:001BH         PUBLIC        _UartSend
  D:0099H         PUBLIC        SBUF
  D:0098H         PUBLIC        SCON
  C:0003H         PUBLIC        UartInit
  D:0089H         PUBLIC        TMOD
  D:0088H         PUBLIC        TCON
  D:008EH         PUBLIC        AUXR
  B:0021H.1       PUBLIC        busy
  D:0022H         PUBLIC        rptr
  D:008DH         PUBLIC        TH1
  C:0410H         PUBLIC        UartIsr
  D:0023H         PUBLIC        wptr
  D:008BH         PUBLIC        TL1
  B:0088H.6       PUBLIC        TR1
  C:0468H         PUBLIC        _UartSendStr
  D:00D0H         PUBLIC        PSW
  C:04CCH         PUBLIC        _putchar
  D:0024H         PUBLIC        buffer
  -------         PROC          UARTINIT
  C:0003H         LINE#         12
  C:0003H         LINE#         13
  C:0003H         LINE#         14
  C:0006H         LINE#         15
  C:0009H         LINE#         16
  C:000CH         LINE#         17
BL51 BANKED LINKER/LOCATER V6.22.4.0                                                  03/17/2025  23:31:42  PAGE 5


  C:000FH         LINE#         18
  C:0011H         LINE#         19
  C:0014H         LINE#         20
  C:0016H         LINE#         21
  C:0018H         LINE#         22
  C:001AH         LINE#         23
  -------         ENDPROC       UARTINIT
  -------         PROC          _UARTSEND
  D:0007H         SYMBOL        dat
  C:001BH         LINE#         24
  C:001BH         LINE#         25
  C:001BH         LINE#         26
  C:001EH         LINE#         27
  C:0020H         LINE#         28
  C:0022H         LINE#         29
  -------         ENDPROC       _UARTSEND
  -------         PROC          _UARTSENDSTR
  D:001CH         SYMBOL        p
  C:0468H         LINE#         30
  C:046EH         LINE#         31
  C:046EH         LINE#         32
  C:0479H         LINE#         33
  C:0479H         LINE#         34
  C:048AH         LINE#         35
  C:048CH         LINE#         36
  -------         ENDPROC       _UARTSENDSTR
  -------         PROC          UARTISR
  C:0410H         LINE#         39
  C:041BH         LINE#         41
  C:041EH         LINE#         42
  C:041EH         LINE#         43
  C:0420H         LINE#         44
  C:0422H         LINE#         45
  C:0422H         LINE#         46
  C:0425H         LINE#         47
  C:0425H         LINE#         48
  C:0427H         LINE#         49
  C:0431H         LINE#         50
  C:0434H         LINE#         51
  C:0434H         LINE#         52
  -------         ENDPROC       UARTISR
  -------         PROC          _PUTCHAR
  D:0007H         SYMBOL        ch
  C:04CCH         LINE#         54
  C:04CCH         LINE#         55
  C:04CCH         LINE#         56
  C:04CEH         LINE#         57
  C:04D1H         LINE#         58
  C:04D3H         LINE#         59
  C:04D3H         LINE#         60
  -------         ENDPROC       _PUTCHAR
  -------         ENDMOD        UART

  -------         MODULE        ?C?CLDPTR
  C:0382H         PUBLIC        ?C?CLDPTR
  -------         ENDMOD        ?C?CLDPTR

BL51 BANKED LINKER/LOCATER V6.22.4.0                                                  03/17/2025  23:31:42  PAGE 6


  -------         MODULE        PRINTF
  D:0008H         PUBLIC        ?_PRINTF517?BYTE
  D:0008H         PUBLIC        ?_PRINTF?BYTE
  D:0008H         PUBLIC        ?_SPRINTF517?BYTE
  D:0008H         PUBLIC        ?_SPRINTF?BYTE
  C:0088H         PUBLIC        _PRINTF
  C:0088H         PUBLIC        _PRINTF517
  C:0082H         PUBLIC        _SPRINTF
  C:0082H         PUBLIC        _SPRINTF517
  -------         ENDMOD        PRINTF

  -------         MODULE        ?C?CLDOPTR
  C:039BH         PUBLIC        ?C?CLDOPTR
  -------         ENDMOD        ?C?CLDOPTR

  -------         MODULE        ?C?CSTPTR
  C:03C8H         PUBLIC        ?C?CSTPTR
  -------         ENDMOD        ?C?CSTPTR

  -------         MODULE        ?C?PLDIIDATA
  C:03DAH         PUBLIC        ?C?PLDIIDATA
  -------         ENDMOD        ?C?PLDIIDATA

  -------         MODULE        ?C?CCASE
  C:03EAH         PUBLIC        ?C?CCASE
  -------         ENDMOD        ?C?CCASE

Program Size: data=51.2 xdata=0 code=1236
LINK/LOCATE RUN COMPLETE.  0 WARNING(S),  0 ERROR(S)
