C51 COMPILER V9.60.7.0   MAIN                                                              03/18/2025 23:52:20 PAGE 1   


C51 COMPILER V9.60.7.0, COMPILATION OF MODULE MAIN
OBJECT MODULE PLACED IN .\Objects\main.obj
COMPILER INVOKED BY: D:\mcu\Keil_v5\C51\BIN\C51.EXE main\main.c OPTIMIZE(8,SPEED) BROWSE INCDIR(.\main;.\system;.\bsp\18
                    -38;.\bsp\ds18b20) DEBUG OBJECTEXTEND PRINT(.\Listings\main.lst) TABS(2) OBJECT(.\Objects\main.obj)

line level    source

   1          #include "config.h"
   2          #include "uart.h"
   3          #include "ds18b20.h"
   4          #include "IRM.h"
   5          
   6          
   7          void System_Init(void)
   8          {
   9   1          P3M1 &= ~(1 << 3); // 设置为准双向口
  10   1          P3M0 &= ~(1 << 3);
  11   1          
  12   1          P5M1 &= ~((1 << 4) | (1 << 5)); // 设置为推挽输出
  13   1          P5M0 |= ((1 << 4) | (1 << 5));
  14   1        
  15   1          UartInit();
  16   1          irm_init();
  17   1          EA = 1;
  18   1      //    DS18B20_Init();
  19   1      }
  20          
  21          void main(void)
  22          {
  23   1      //    P_SW2 |= 0x80;
  24   1        
  25   1          System_Init(); // 初始化系统
  26   1          printf("System Run! \r\n");
  27   1          P54 = 0;
  28   1          P55 = 0;
  29   1          while (1)
  30   1          {
  31   2      //      float temp = DS18B20_GetTemp();
  32   2      //      printf("temp = %.3f\r\n",temp);
  33   2      //      Delay_ms(1000);
  34   2      //      printf("System Run! \r\n");
  35   2              if(irok)                        //如果接收好了进行红外处理
  36   2              {
  37   3                Ircordpro();
  38   3                irok=0;
  39   3              }
  40   2              if(irpro_ok)                   //如果处理好后进行工作处理，如按对应的按键后显示对应的数字等
  41   2              {
  42   3                Ir_work();
  43   3              }
  44   2          }
  45   1      }


MODULE INFORMATION:   STATIC OVERLAYABLE
   CODE SIZE        =     53    ----
   CONSTANT SIZE    =     15    ----
   XDATA SIZE       =   ----    ----
   PDATA SIZE       =   ----    ----
   DATA SIZE        =   ----    ----
   IDATA SIZE       =   ----    ----
C51 COMPILER V9.60.7.0   MAIN                                                              03/18/2025 23:52:20 PAGE 2   

   BIT SIZE         =   ----    ----
END OF MODULE INFORMATION.


C51 COMPILATION COMPLETE.  0 WARNING(S),  0 ERROR(S)
