C51 COMPILER V9.54   DELAY                                                                 03/19/2025 13:17:25 PAGE 1   


C51 COMPILER V9.54, COMPILATION OF MODULE DELAY
OBJECT MODULE PLACED IN .\Objects\delay.obj
COMPILER INVOKED BY: D:\keil5\C51\BIN\C51.EXE system\delay.c OPTIMIZE(8,SPEED) BROWSE INCDIR(.\main;.\system;.\bsp\1838;
                    -.\bsp\ds18b20;.\bsp\eeprom) DEBUG OBJECTEXTEND PRINT(.\Listings\delay.lst) TABS(2) OBJECT(.\Objects\delay.obj)

line level    source

   1          #include "delay.h"
   2          
   3          void Delay_us(unsigned int us) 
   4          {
   5   1          while (us--) {
   6   2              _nop_(); _nop_(); _nop_(); _nop_(); //   ”√”⁄ 24MHz
   7   2              _nop_(); _nop_(); _nop_(); _nop_();
   8   2              _nop_(); _nop_(); _nop_(); _nop_();
   9   2              _nop_();
  10   2          }
  11   1      }
  12          
  13          void Delay_ms(unsigned int ms) 
  14          {
  15   1          while (ms--) {
  16   2              Delay_us(1000);
  17   2          }
  18   1      }
  19          


MODULE INFORMATION:   STATIC OVERLAYABLE
   CODE SIZE        =     50    ----
   CONSTANT SIZE    =   ----    ----
   XDATA SIZE       =   ----    ----
   PDATA SIZE       =   ----    ----
   DATA SIZE        =   ----    ----
   IDATA SIZE       =   ----    ----
   BIT SIZE         =   ----    ----
END OF MODULE INFORMATION.


C51 COMPILATION COMPLETE.  0 WARNING(S),  0 ERROR(S)
