C51 COMPILER V9.54   MAIN                                                                  03/19/2025 18:09:26 PAGE 1   


C51 COMPILER V9.54, COMPILATION OF MODULE MAIN
OBJECT MODULE PLACED IN .\Objects\main.obj
COMPILER INVOKED BY: D:\keil5\C51\BIN\C51.EXE main\main.c OPTIMIZE(8,SPEED) BROWSE INCDIR(.\main;.\system;.\bsp\1838;.\b
                    -sp\ds18b20;.\bsp\eeprom) DEBUG OBJECTEXTEND PRINT(.\Listings\main.lst) TABS(2) OBJECT(.\Objects\main.obj)

line level    source

   1          #include "config.h"
   2          #include "uart.h"
   3          #include "eeprom.h"
   4          #include "ds18b20.h"
   5          #include "IRM.h"
   6          
   7          unsigned char temp_flag = 1; 
   8          
   9          void System_Init(void);
  10          void Restore_Settings(void);
  11          void Save_Settings(void);
  12          
  13          void main(void)
  14          {
  15   1      
  16   1          P_SW2 |= 0x80;
  17   1          System_Init(); // 初始化系统
  18   1          printf("System Run! \r\n");
  19   1          Restore_Settings();
  20   1          while (1)
  21   1          {
  22   2              float temp = DS18B20_GetTemp();
  23   2              printf("temp = %.3f\r\n", temp);
  24   2      
  25   2              if (irok) {  
  26   3                  Ircordpro();
  27   3                  irok = 0;
  28   3              }
  29   2      
  30   2              // 处理温度控制
  31   2              if (temp_flag) {
  32   3                  if (temp >= 45) {
  33   4                      P55 = 1;
  34   4                      P54 = 0;
  35   4                  } else if (temp >= 55) {
  36   4                      P55 = 0;
  37   4                      P54 = 1;
  38   4                  } else {
  39   4                      P55 = 0;
  40   4                      P54 = 0;
  41   4                  }
  42   3              }
  43   2      
  44   2              // 处理红外控制
  45   2              if (irpro_ok) {
  46   3                  printf("IR received: 0x%x\n", IRcord[2]);
  47   3      
  48   3                  switch (IRcord[2]) {
  49   4                      case 0x44:
  50   4                          printf("Toggling P54\n");
  51   4                          temp_flag = 0;
  52   4                          P55 = 0;
  53   4                          P54 = ~P54;
  54   4                          Save_Settings();
C51 COMPILER V9.54   MAIN                                                                  03/19/2025 18:09:26 PAGE 2   

  55   4                          break;
  56   4      
  57   4                      case 0x43:
  58   4                          printf("Toggling P55\n");
  59   4                          temp_flag = 0;
  60   4                          P54 = 0;
  61   4                          P55 = ~P55;
  62   4                          Save_Settings();
  63   4                          break;
  64   4                      case 0x40:
  65   4                          printf("Resuming temperature control.\n");
  66   4                          P54 = 0;
  67   4                          P55 = 0;
  68   4                          temp_flag = 1;
  69   4                          Save_Settings();
  70   4                          break;
  71   4      
  72   4                      default:
  73   4                          printf("Unknown IR command, resuming temperature control.\n");
  74   4      //                    temp_flag = 1;
  75   4                          break;
  76   4                  }
  77   3                  
  78   3                  irpro_ok = 0;
  79   3              }
  80   2              
  81   2          }
  82   1      }
  83          
  84          
  85          void System_Init(void)
  86          {
  87   1          P3M1 &= ~(1 << 3); // 设置为准双向口
  88   1          P3M0 &= ~(1 << 3);
  89   1          
  90   1          P5M1 &= ~((1 << 4) | (1 << 5)); // 设置为推挽输出
  91   1          P5M0 |= ((1 << 4) | (1 << 5));
  92   1          P54 = 0;
  93   1          P55 = 0;
  94   1          UartInit();
  95   1          irm_init();
  96   1          DS18B20_Init();
  97   1          EA = 1;
  98   1      }
  99          
 100          
 101          void Restore_Settings(void)
 102          {
 103   1          unsigned char gpio_status = IapRead(FLASH_ADDR + 1);
 104   1          temp_flag = IapRead(FLASH_ADDR);
 105   1          P54 = (gpio_status & 0x01) ? 1 : 0;
 106   1          P55 = (gpio_status & 0x02) ? 1 : 0;
 107   1      
 108   1          printf("Restored: temp_flag = %d, P54 = %d, P55 = %d\n", temp_flag, P54, P55);
 109   1      }
 110          
 111          void Save_Settings(void)
 112          {
 113   1          IapErase(FLASH_ADDR);
 114   1          IapSafeWrite(FLASH_ADDR, temp_flag);
 115   1          printf("gpio_status: 0x%x",(P54 ? 0x01 : 0) | (P55 ? 0x02 : 0));
 116   1          IapSafeWrite(FLASH_ADDR + 1, (P54 ? 0x01 : 0) | (P55 ? 0x02 : 0));
C51 COMPILER V9.54   MAIN                                                                  03/19/2025 18:09:26 PAGE 3   

 117   1      }


MODULE INFORMATION:   STATIC OVERLAYABLE
   CODE SIZE        =    383    ----
   CONSTANT SIZE    =    222    ----
   XDATA SIZE       =   ----    ----
   PDATA SIZE       =   ----    ----
   DATA SIZE        =      1       5
   IDATA SIZE       =   ----    ----
   BIT SIZE         =   ----    ----
END OF MODULE INFORMATION.


C51 COMPILATION COMPLETE.  0 WARNING(S),  0 ERROR(S)
