BL51 BANKED LINKER/LOCATER V6.22.4.0                                                    03/19/2025  10:35:39  PAGE 1


BL51 BANKED LINKER/LOCATER V6.22.4.0, INVOKED BY:
D:\MCU\KEIL_V5\C51\BIN\BL51.EXE .\Objects\STARTUP.obj, .\Objects\main.obj, .\Objects\uart.obj, .\Objects\delay.obj, .\Ob
>> jects\IRM.obj, .\Objects\ds18b20.obj, .\Objects\eeprom.obj TO .\Objects\test PRINT (.\Listings\test.m51) RAMSIZE (256
>> ) DISABLEWARNING (16)


MEMORY MODEL: SMALL WITH FLOATING POINT ARITHMETIC


INPUT MODULES INCLUDED:
  .\Objects\STARTUP.obj (?C_STARTUP)
  .\Objects\main.obj (MAIN)
  .\Objects\uart.obj (UART)
  .\Objects\delay.obj (DELAY)
  .\Objects\IRM.obj (IRM)
  .\Objects\ds18b20.obj (DS18B20)
  .\Objects\eeprom.obj (EEPROM)
  D:\MCU\KEIL_V5\C51\LIB\C51FPS.LIB (?C?FPMUL)
  D:\MCU\KEIL_V5\C51\LIB\C51FPS.LIB (?C?FPCMP)
  D:\MCU\KEIL_V5\C51\LIB\C51FPS.LIB (?C?FCAST)
  D:\MCU\KEIL_V5\C51\LIB\C51FPS.LIB (PRINTF)
  D:\MCU\KEIL_V5\C51\LIB\C51FPS.LIB (?C?FPGETOPN)
  D:\MCU\KEIL_V5\C51\LIB\C51FPS.LIB (?C?FPROUND)
  D:\MCU\KEIL_V5\C51\LIB\C51FPS.LIB (?C?FPCONVERT)
  D:\MCU\KEIL_V5\C51\LIB\C51FPS.LIB (?C?FPADD)
  D:\MCU\KEIL_V5\C51\LIB\C51FPS.LIB (?C?FPDIV)
  D:\MCU\KEIL_V5\C51\LIB\C51FPS.LIB (?C?FTNPWR)
  D:\MCU\KEIL_V5\C51\LIB\C51S.LIB (?C_INIT)
  D:\MCU\KEIL_V5\C51\LIB\C51S.LIB (?C?CLDPTR)
  D:\MCU\KEIL_V5\C51\LIB\C51S.LIB (?C?CLDOPTR)
  D:\MCU\KEIL_V5\C51\LIB\C51S.LIB (?C?CSTPTR)
  D:\MCU\KEIL_V5\C51\LIB\C51S.LIB (?C?LNEG)
  D:\MCU\KEIL_V5\C51\LIB\C51S.LIB (?C?PLDIIDATA)
  D:\MCU\KEIL_V5\C51\LIB\C51S.LIB (?C?CCASE)


LINK MAP OF MODULE:  .\Objects\test (?C_STARTUP)


            TYPE    BASE      LENGTH    RELOCATION   SEGMENT NAME
            -----------------------------------------------------

            * * * * * * *   D A T A   M E M O R Y   * * * * * * *
            REG     0000H     0008H     ABSOLUTE     "REG BANK 0"
            DATA    0008H     0012H     UNIT         ?DT?UART
            DATA    001AH     0003H     UNIT         ?DT?_UARTSENDSTR?UART
            DATA    001DH     0001H     UNIT         ?DT?MAIN
                    001EH     0002H                  *** GAP ***
            BIT     0020H.0   0001H.1   UNIT         _BIT_GROUP_
            BIT     0021H.1   0000H.3   UNIT         ?BI?IRM
            BIT     0021H.4   0000H.1   UNIT         ?BI?UART
                    0021H.5   0000H.3                *** GAP ***
            DATA    0022H     002BH     UNIT         ?DT?IRM
            DATA    004DH     0021H     UNIT         _DATA_GROUP_
            IDATA   006EH     0001H     UNIT         ?STACK

            * * * * * * *   C O D E   M E M O R Y   * * * * * * *
            CODE    0000H     0003H     ABSOLUTE     
BL51 BANKED LINKER/LOCATER V6.22.4.0                                                  03/19/2025  10:35:39  PAGE 2


            CODE    0003H     0003H     ABSOLUTE     
            CODE    0006H     0003H     UNIT         ?PR?TIM0_ISR?IRM
                    0009H     0002H                  *** GAP ***
            CODE    000BH     0003H     ABSOLUTE     
            CODE    000EH     0011H     UNIT         ?PR?_IAPSAFEWRITE?EEPROM
                    001FH     0004H                  *** GAP ***
            CODE    0023H     0003H     ABSOLUTE     
            CODE    0026H     05DDH     UNIT         ?C?LIB_CODE
            CODE    0603H     046FH     UNIT         ?PR?PRINTF?PRINTF
            CODE    0A72H     00CDH     UNIT         ?PR?MAIN?MAIN
            CODE    0B3FH     00BFH     UNIT         ?CO?MAIN
            CODE    0BFEH     008CH     UNIT         ?C_C51STARTUP
            CODE    0C8AH     004EH     UNIT         ?PR?DS18B20_GETTEMP?DS18B20
            CODE    0CD8H     004BH     UNIT         ?PR?SAVE_SETTINGS?MAIN
            CODE    0D23H     0041H     UNIT         ?PR?EX0_ISR?IRM
            CODE    0D64H     003EH     UNIT         ?PR?IR_WORK?IRM
            CODE    0DA2H     003CH     UNIT         ?PR?RESTORE_SETTINGS?MAIN
            CODE    0DDEH     0038H     UNIT         ?PR?IRCORDPRO?IRM
            CODE    0E16H     0036H     UNIT         ?PR?DS18B20_READBYTE?DS18B20
            CODE    0E4CH     002DH     UNIT         ?PR?UARTISR?UART
            CODE    0E79H     002CH     UNIT         ?PR?_DS18B20_WRITEBYTE?DS18B20
            CODE    0EA5H     0029H     UNIT         ?CO?IRM
            CODE    0ECEH     0028H     UNIT         ?PR?_IAPPROGRAM?EEPROM
            CODE    0EF6H     0026H     UNIT         ?PR?_IAPERASE?EEPROM
            CODE    0F1CH     0025H     UNIT         ?PR?_UARTSENDSTR?UART
            CODE    0F41H     0021H     UNIT         ?PR?DS18B20_INIT?DS18B20
            CODE    0F62H     001BH     UNIT         ?PR?_IAPREAD?EEPROM
            CODE    0F7DH     001AH     UNIT         ?PR?_DELAY_US?DELAY
            CODE    0F97H     0018H     UNIT         ?PR?SYSTEM_INIT?MAIN
            CODE    0FAFH     0018H     UNIT         ?PR?UARTINIT?UART
            CODE    0FC7H     0018H     UNIT         ?PR?_DELAY_MS?DELAY
            CODE    0FDFH     000DH     UNIT         ?PR?TIMER0_INIT?IRM
            CODE    0FECH     000DH     UNIT         ?PR?IAPIDLE?EEPROM
            CODE    0FF9H     0008H     UNIT         ?PR?_UARTSEND?UART
            CODE    1001H     0008H     UNIT         ?PR?_PUTCHAR?UART
            CODE    1009H     0007H     UNIT         ?PR?INT0_INIT?IRM
            CODE    1010H     0006H     UNIT         ?C_INITSEG
            CODE    1016H     0006H     UNIT         ?PR?IRM_INIT?IRM



OVERLAY MAP OF MODULE:   .\Objects\test (?C_STARTUP)


SEGMENT                                   BIT_GROUP          DATA_GROUP 
  +--> CALLED SEGMENT                  START    LENGTH     START    LENGTH
--------------------------------------------------------------------------
?C_C51STARTUP                          -----    -----      -----    -----
  +--> ?PR?MAIN?MAIN
  +--> ?C_INITSEG

?PR?MAIN?MAIN                          -----    -----      004DH    0004H
  +--> ?PR?SYSTEM_INIT?MAIN
  +--> ?CO?MAIN
  +--> ?PR?PRINTF?PRINTF
  +--> ?PR?RESTORE_SETTINGS?MAIN
  +--> ?PR?DS18B20_GETTEMP?DS18B20
BL51 BANKED LINKER/LOCATER V6.22.4.0                                                  03/19/2025  10:35:39  PAGE 3


  +--> ?PR?IRCORDPRO?IRM
  +--> ?PR?SAVE_SETTINGS?MAIN

?PR?SYSTEM_INIT?MAIN                   -----    -----      -----    -----
  +--> ?PR?UARTINIT?UART
  +--> ?PR?IRM_INIT?IRM
  +--> ?PR?DS18B20_INIT?DS18B20

?PR?IRM_INIT?IRM                       -----    -----      -----    -----
  +--> ?PR?TIMER0_INIT?IRM
  +--> ?PR?INT0_INIT?IRM

?PR?DS18B20_INIT?DS18B20               0020H.0  0000H.1    -----    -----
  +--> ?PR?_DELAY_US?DELAY

?PR?PRINTF?PRINTF                      0020H.0  0001H.1    0052H    001CH
  +--> ?PR?_PUTCHAR?UART

?PR?RESTORE_SETTINGS?MAIN              -----    -----      0051H    0001H
  +--> ?PR?_IAPREAD?EEPROM
  +--> ?CO?MAIN
  +--> ?PR?PRINTF?PRINTF

?PR?_IAPREAD?EEPROM                    -----    -----      -----    -----
  +--> ?PR?IAPIDLE?EEPROM

?PR?DS18B20_GETTEMP?DS18B20            -----    -----      0051H    0001H
  +--> ?PR?DS18B20_INIT?DS18B20
  +--> ?PR?_DS18B20_WRITEBYTE?DS18B20
  +--> ?PR?_DELAY_MS?DELAY
  +--> ?PR?DS18B20_READBYTE?DS18B20

?PR?_DS18B20_WRITEBYTE?DS18B20         -----    -----      0052H    0002H
  +--> ?PR?_DELAY_US?DELAY

?PR?_DELAY_MS?DELAY                    -----    -----      -----    -----
  +--> ?PR?_DELAY_US?DELAY

?PR?DS18B20_READBYTE?DS18B20           -----    -----      0052H    0002H
  +--> ?PR?_DELAY_US?DELAY

?PR?SAVE_SETTINGS?MAIN                 -----    -----      -----    -----
  +--> ?PR?_IAPERASE?EEPROM
  +--> ?PR?_IAPSAFEWRITE?EEPROM
  +--> ?CO?MAIN
  +--> ?PR?PRINTF?PRINTF

?PR?_IAPERASE?EEPROM                   -----    -----      -----    -----
  +--> ?PR?IAPIDLE?EEPROM

?PR?_IAPSAFEWRITE?EEPROM               -----    -----      -----    -----
  +--> ?PR?_IAPREAD?EEPROM
  +--> ?PR?_IAPPROGRAM?EEPROM

?PR?_IAPPROGRAM?EEPROM                 -----    -----      -----    -----
  +--> ?PR?IAPIDLE?EEPROM

BL51 BANKED LINKER/LOCATER V6.22.4.0                                                  03/19/2025  10:35:39  PAGE 4




SYMBOL TABLE OF MODULE:  .\Objects\test (?C_STARTUP)

  VALUE           TYPE          NAME
  ----------------------------------

  -------         MODULE        ?C_STARTUP
  C:0BFEH         SEGMENT       ?C_C51STARTUP
  I:006EH         SEGMENT       ?STACK
  C:0000H         PUBLIC        ?C_STARTUP
  D:00E0H         SYMBOL        ACC
  D:00F0H         SYMBOL        B
  D:0083H         SYMBOL        DPH
  D:0082H         SYMBOL        DPL
  N:0000H         SYMBOL        IBPSTACK
  N:0100H         SYMBOL        IBPSTACKTOP
  N:0080H         SYMBOL        IDATALEN
  C:0C01H         SYMBOL        IDATALOOP
  N:0000H         SYMBOL        PBPSTACK
  N:0100H         SYMBOL        PBPSTACKTOP
  N:0000H         SYMBOL        PDATALEN
  N:0000H         SYMBOL        PDATASTART
  N:0000H         SYMBOL        PPAGE
  N:0000H         SYMBOL        PPAGEENABLE
  D:00A0H         SYMBOL        PPAGE_SFR
  D:0081H         SYMBOL        SP
  C:0BFEH         SYMBOL        STARTUP1
  N:0000H         SYMBOL        XBPSTACK
  N:0000H         SYMBOL        XBPSTACKTOP
  N:0000H         SYMBOL        XDATALEN
  N:0000H         SYMBOL        XDATASTART
  C:0000H         LINE#         126
  C:0BFEH         LINE#         133
  C:0C00H         LINE#         134
  C:0C01H         LINE#         135
  C:0C02H         LINE#         136
  C:0C04H         LINE#         185
  C:0C07H         LINE#         196
  -------         ENDMOD        ?C_STARTUP

  -------         MODULE        MAIN
  C:0000H         SYMBOL        _ICE_DUMMY_
  C:0F97H         PUBLIC        System_Init
  D:0080H         PUBLIC        P0
  D:00B2H         PUBLIC        P3M0
  D:0090H         PUBLIC        P1
  D:00B1H         PUBLIC        P3M1
  D:00A0H         PUBLIC        P2
  D:00CAH         PUBLIC        P5M0
  D:00B0H         PUBLIC        P3
  D:00C9H         PUBLIC        P5M1
  D:00C0H         PUBLIC        P4
  D:00C8H         PUBLIC        P5
  D:00E8H         PUBLIC        P6
  B:00A8H.7       PUBLIC        EA
  D:00F8H         PUBLIC        P7
BL51 BANKED LINKER/LOCATER V6.22.4.0                                                  03/19/2025  10:35:39  PAGE 5


  D:00BAH         PUBLIC        P_SW2
  D:00A8H         PUBLIC        IE
  D:00B8H         PUBLIC        IP
  C:0DA2H         PUBLIC        Restore_Settings
  D:00D8H         PUBLIC        CCON
  C:0A72H         PUBLIC        main
  D:0098H         PUBLIC        SCON
  D:001DH         PUBLIC        temp_flag
  D:0088H         PUBLIC        TCON
  B:00C8H.4       PUBLIC        P54
  B:00C8H.5       PUBLIC        P55
  C:0CD8H         PUBLIC        Save_Settings
  D:00D0H         PUBLIC        PSW
  -------         PROC          MAIN
  -------         DO            
  D:004DH         SYMBOL        temp
  -------         ENDDO         
  C:0A72H         LINE#         13
  C:0A72H         LINE#         14
  C:0A72H         LINE#         16
  C:0A75H         LINE#         17
  C:0A78H         LINE#         18
  C:0A81H         LINE#         19
  C:0A83H         LINE#         20
  C:0A85H         LINE#         21
  C:0A88H         LINE#         22
  C:0A88H         LINE#         23
  C:0A88H         LINE#         24
  C:0A93H         LINE#         25
  C:0AA4H         LINE#         27
  C:0AA7H         LINE#         28
  C:0AAAH         LINE#         29
  C:0AACH         LINE#         30
  C:0AACH         LINE#         33
  C:0AB0H         LINE#         34
  C:0AC4H         LINE#         35
  C:0AC6H         LINE#         36
  C:0AC8H         LINE#         37
  C:0ADEH         LINE#         38
  C:0AE0H         LINE#         39
  C:0AE2H         LINE#         40
  C:0AE4H         LINE#         41
  C:0AE6H         LINE#         42
  C:0AE8H         LINE#         43
  C:0AE8H         LINE#         44
  C:0AE8H         LINE#         47
  C:0AEBH         LINE#         48
  C:0AFAH         LINE#         50
  C:0B07H         LINE#         51
  C:0B07H         LINE#         52
  C:0B10H         LINE#         53
  C:0B13H         LINE#         54
  C:0B15H         LINE#         55
  C:0B17H         LINE#         56
  C:0B17H         LINE#         57
  C:0B19H         LINE#         59
  C:0B19H         LINE#         60
BL51 BANKED LINKER/LOCATER V6.22.4.0                                                  03/19/2025  10:35:39  PAGE 6


  C:0B22H         LINE#         61
  C:0B25H         LINE#         62
  C:0B27H         LINE#         63
  C:0B29H         LINE#         64
  C:0B2CH         LINE#         65
  C:0B2EH         LINE#         67
  C:0B2EH         LINE#         68
  C:0B37H         LINE#         69
  C:0B3AH         LINE#         70
  C:0B3AH         LINE#         71
  C:0B3AH         LINE#         73
  C:0B3CH         LINE#         74
  C:0B3CH         LINE#         76
  -------         ENDPROC       MAIN
  -------         PROC          SYSTEM_INIT
  C:0F97H         LINE#         80
  C:0F97H         LINE#         81
  C:0F97H         LINE#         82
  C:0F9AH         LINE#         83
  C:0F9DH         LINE#         85
  C:0FA0H         LINE#         86
  C:0FA3H         LINE#         88
  C:0FA6H         LINE#         89
  C:0FA9H         LINE#         90
  C:0FACH         LINE#         91
  C:0FAEH         LINE#         92
  -------         ENDPROC       SYSTEM_INIT
  -------         PROC          RESTORE_SETTINGS
  -------         DO            
  D:0051H         SYMBOL        gpio_status
  -------         ENDDO         
  C:0DA2H         LINE#         95
  C:0DA2H         LINE#         96
  C:0DA2H         LINE#         97
  C:0DABH         LINE#         98
  C:0DB4H         LINE#         99
  C:0DBFH         LINE#         100
  C:0DCAH         LINE#         102
  -------         ENDPROC       RESTORE_SETTINGS
  -------         PROC          SAVE_SETTINGS
  C:0CD8H         LINE#         105
  C:0CD8H         LINE#         106
  C:0CD8H         LINE#         107
  C:0CDFH         LINE#         108
  C:0CE8H         LINE#         109
  C:0D07H         LINE#         110
  -------         ENDPROC       SAVE_SETTINGS
  -------         ENDMOD        MAIN

  -------         MODULE        UART
  C:0000H         SYMBOL        _ICE_DUMMY_
  D:0080H         PUBLIC        P0
  D:0090H         PUBLIC        P1
  D:00A0H         PUBLIC        P2
  D:00B0H         PUBLIC        P3
  D:00C0H         PUBLIC        P4
  D:00C8H         PUBLIC        P5
BL51 BANKED LINKER/LOCATER V6.22.4.0                                                  03/19/2025  10:35:39  PAGE 7


  D:00E8H         PUBLIC        P6
  D:00F8H         PUBLIC        P7
  D:00A8H         PUBLIC        IE
  D:00B8H         PUBLIC        IP
  B:0098H.0       PUBLIC        RI
  B:0098H.1       PUBLIC        TI
  D:00D8H         PUBLIC        CCON
  C:0FF9H         PUBLIC        _UartSend
  D:0099H         PUBLIC        SBUF
  D:0098H         PUBLIC        SCON
  C:0FAFH         PUBLIC        UartInit
  D:0089H         PUBLIC        TMOD
  D:0088H         PUBLIC        TCON
  D:008EH         PUBLIC        AUXR
  B:0021H.4       PUBLIC        busy
  D:0008H         PUBLIC        rptr
  D:008DH         PUBLIC        TH1
  C:0E4CH         PUBLIC        UartIsr
  D:0009H         PUBLIC        wptr
  D:008BH         PUBLIC        TL1
  B:0088H.6       PUBLIC        TR1
  C:0F1CH         PUBLIC        _UartSendStr
  D:00D0H         PUBLIC        PSW
  C:1001H         PUBLIC        _putchar
  D:000AH         PUBLIC        buffer
  -------         PROC          UARTINIT
  C:0FAFH         LINE#         12
  C:0FAFH         LINE#         13
  C:0FAFH         LINE#         15
  C:0FB2H         LINE#         16
  C:0FB5H         LINE#         17
  C:0FB8H         LINE#         18
  C:0FBBH         LINE#         19
  C:0FBDH         LINE#         20
  C:0FC0H         LINE#         21
  C:0FC2H         LINE#         22
  C:0FC4H         LINE#         23
  C:0FC6H         LINE#         24
  -------         ENDPROC       UARTINIT
  -------         PROC          _UARTSEND
  D:0007H         SYMBOL        dat
  C:0FF9H         LINE#         25
  C:0FF9H         LINE#         26
  C:0FF9H         LINE#         27
  C:0FFCH         LINE#         28
  C:0FFEH         LINE#         29
  C:1000H         LINE#         30
  -------         ENDPROC       _UARTSEND
  -------         PROC          _UARTSENDSTR
  D:001AH         SYMBOL        p
  C:0F1CH         LINE#         31
  C:0F22H         LINE#         32
  C:0F22H         LINE#         33
  C:0F2DH         LINE#         34
  C:0F2DH         LINE#         35
  C:0F3EH         LINE#         36
  C:0F40H         LINE#         37
BL51 BANKED LINKER/LOCATER V6.22.4.0                                                  03/19/2025  10:35:39  PAGE 8


  -------         ENDPROC       _UARTSENDSTR
  -------         PROC          UARTISR
  C:0E4CH         LINE#         40
  C:0E57H         LINE#         42
  C:0E5AH         LINE#         43
  C:0E5AH         LINE#         44
  C:0E5CH         LINE#         45
  C:0E5EH         LINE#         46
  C:0E5EH         LINE#         47
  C:0E61H         LINE#         48
  C:0E61H         LINE#         49
  C:0E63H         LINE#         50
  C:0E6DH         LINE#         51
  C:0E70H         LINE#         52
  C:0E70H         LINE#         53
  -------         ENDPROC       UARTISR
  -------         PROC          _PUTCHAR
  D:0007H         SYMBOL        ch
  C:1001H         LINE#         55
  C:1001H         LINE#         56
  C:1001H         LINE#         57
  C:1003H         LINE#         58
  C:1006H         LINE#         59
  C:1008H         LINE#         60
  C:1008H         LINE#         61
  -------         ENDPROC       _PUTCHAR
  -------         ENDMOD        UART

  -------         MODULE        DELAY
  C:0000H         SYMBOL        _ICE_DUMMY_
  D:0080H         PUBLIC        P0
  D:0090H         PUBLIC        P1
  D:00A0H         PUBLIC        P2
  D:00B0H         PUBLIC        P3
  D:00C0H         PUBLIC        P4
  D:00C8H         PUBLIC        P5
  D:00E8H         PUBLIC        P6
  D:00F8H         PUBLIC        P7
  D:00A8H         PUBLIC        IE
  D:00B8H         PUBLIC        IP
  D:00D8H         PUBLIC        CCON
  C:0FC7H         PUBLIC        _Delay_ms
  D:0098H         PUBLIC        SCON
  D:0088H         PUBLIC        TCON
  C:0F7DH         PUBLIC        _Delay_us
  D:00D0H         PUBLIC        PSW
  -------         PROC          _DELAY_US
  D:0006H         SYMBOL        us
  C:0F7DH         LINE#         3
  C:0F7DH         LINE#         4
  C:0F7DH         LINE#         5
  C:0F87H         LINE#         6
  C:0F8BH         LINE#         7
  C:0F8FH         LINE#         8
  C:0F93H         LINE#         9
  C:0F94H         LINE#         10
  C:0F96H         LINE#         11
BL51 BANKED LINKER/LOCATER V6.22.4.0                                                  03/19/2025  10:35:39  PAGE 9


  -------         ENDPROC       _DELAY_US
  -------         PROC          _DELAY_MS
  D:0002H         SYMBOL        ms
  C:0FC7H         LINE#         13
  C:0FCBH         LINE#         14
  C:0FCBH         LINE#         15
  C:0FD5H         LINE#         16
  C:0FDCH         LINE#         17
  C:0FDEH         LINE#         18
  -------         ENDPROC       _DELAY_MS
  -------         ENDMOD        DELAY

  -------         MODULE        IRM
  C:0000H         SYMBOL        _ICE_DUMMY_
  D:0080H         PUBLIC        P0
  D:0090H         PUBLIC        P1
  D:00A0H         PUBLIC        P2
  D:00B0H         PUBLIC        P3
  D:00C0H         PUBLIC        P4
  D:00C8H         PUBLIC        P5
  D:00E8H         PUBLIC        P6
  B:00A8H.7       PUBLIC        EA
  D:00F8H         PUBLIC        P7
  D:0023H         PUBLIC        irtime
  D:00A8H         PUBLIC        IE
  C:1009H         SYMBOL        INT0_Init
  D:00B8H         PUBLIC        IP
  C:0D23H         PUBLIC        EX0_ISR
  D:00D8H         PUBLIC        CCON
  C:0FDFH         SYMBOL        Timer0_Init
  C:0006H         PUBLIC        tim0_isr
  D:0098H         PUBLIC        SCON
  D:0089H         PUBLIC        TMOD
  D:0088H         PUBLIC        TCON
  B:0021H.2       PUBLIC        irok
  B:00C8H.4       PUBLIC        P54
  C:0DDEH         PUBLIC        Ircordpro
  B:00C8H.5       PUBLIC        P55
  D:0024H         PUBLIC        IRcord
  B:00A8H.1       PUBLIC        ET0
  D:008CH         PUBLIC        TH0
  B:00A8H.0       PUBLIC        EX0
  B:0088H.0       PUBLIC        IT0
  D:008AH         PUBLIC        TL0
  B:0088H.4       PUBLIC        TR0
  C:1016H         PUBLIC        irm_init
  C:0D64H         PUBLIC        Ir_work
  B:0021H.3       PUBLIC        irpro_ok
  D:002CH         PUBLIC        irdata
  D:00D0H         PUBLIC        PSW
  -------         PROC          IR_WORK
  C:0D64H         LINE#         15
  C:0D64H         LINE#         16
  C:0D64H         LINE#         18
  C:0D6DH         LINE#         19
  C:0D6DH         LINE#         20
  C:0D76H         LINE#         21
BL51 BANKED LINKER/LOCATER V6.22.4.0                                                  03/19/2025  10:35:39  PAGE 10


  C:0D78H         LINE#         22
  C:0D7AH         LINE#         23
  C:0D83H         LINE#         24
  C:0D83H         LINE#         25
  C:0D8CH         LINE#         26
  C:0D8EH         LINE#         27
  C:0D90H         LINE#         29
  C:0D90H         LINE#         30
  C:0D9FH         LINE#         31
  C:0D9FH         LINE#         32
  C:0DA1H         LINE#         33
  -------         ENDPROC       IR_WORK
  -------         PROC          IRCORDPRO
  -------         DO            
  D:0005H         SYMBOL        i
  D:0004H         SYMBOL        j
  D:0006H         SYMBOL        k
  D:0003H         SYMBOL        cord
  D:0007H         SYMBOL        value
  -------         ENDDO         
  C:0DDEH         LINE#         35
  C:0DDEH         LINE#         36
  C:0DDEH         LINE#         38
  C:0DE0H         LINE#         39
  C:0DE2H         LINE#         40
  C:0DE2H         LINE#         41
  C:0DE4H         LINE#         42
  C:0DE4H         LINE#         43
  C:0DE9H         LINE#         44
  C:0DEEH         LINE#         45
  C:0DF1H         LINE#         46
  C:0DF7H         LINE#         47
  C:0DF7H         LINE#         48
  C:0DFBH         LINE#         49
  C:0DFBH         LINE#         50
  C:0DFCH         LINE#         51
  C:0E00H         LINE#         52
  C:0E0DH         LINE#         53
  C:0E0FH         LINE#         54
  C:0E13H         LINE#         55
  C:0E15H         LINE#         56
  -------         ENDPROC       IRCORDPRO
  -------         PROC          TIMER0_INIT
  C:0FDFH         LINE#         58
  C:0FDFH         LINE#         59
  C:0FDFH         LINE#         60
  C:0FE2H         LINE#         61
  C:0FE5H         LINE#         62
  C:0FE7H         LINE#         63
  C:0FE9H         LINE#         64
  C:0FEBH         LINE#         65
  -------         ENDPROC       TIMER0_INIT
  -------         PROC          INT0_INIT
  C:1009H         LINE#         66
  C:1009H         LINE#         67
  C:1009H         LINE#         68
  C:100BH         LINE#         69
BL51 BANKED LINKER/LOCATER V6.22.4.0                                                  03/19/2025  10:35:39  PAGE 11


  C:100DH         LINE#         70
  C:100FH         LINE#         71
  -------         ENDPROC       INT0_INIT
  -------         PROC          IRM_INIT
  C:1016H         LINE#         72
  C:1016H         LINE#         73
  C:1016H         LINE#         74
  C:1019H         LINE#         75
  -------         ENDPROC       IRM_INIT
  -------         PROC          EX0_ISR
  -------         DO            
  D:0022H         SYMBOL        i
  B:0021H.1       SYMBOL        startflag
  -------         ENDDO         
  C:0D23H         LINE#         78
  C:0D2CH         LINE#         82
  C:0D2FH         LINE#         83
  C:0D2FH         LINE#         84
  C:0D3DH         LINE#         85
  C:0D40H         LINE#         86
  C:0D47H         LINE#         87
  C:0D4AH         LINE#         88
  C:0D4CH         LINE#         89
  C:0D51H         LINE#         90
  C:0D51H         LINE#         91
  C:0D53H         LINE#         92
  C:0D56H         LINE#         93
  C:0D56H         LINE#         94
  C:0D58H         LINE#         96
  C:0D58H         LINE#         97
  C:0D5BH         LINE#         98
  C:0D5DH         LINE#         99
  C:0D5DH         LINE#         100
  -------         ENDPROC       EX0_ISR
  -------         PROC          TIM0_ISR
  C:0006H         LINE#         102
  C:0006H         LINE#         104
  C:0008H         LINE#         105
  -------         ENDPROC       TIM0_ISR
  -------         ENDMOD        IRM

  -------         MODULE        DS18B20
  C:0000H         SYMBOL        _ICE_DUMMY_
  D:0080H         PUBLIC        P0
  D:0090H         PUBLIC        P1
  D:00A0H         PUBLIC        P2
  D:00B0H         PUBLIC        P3
  D:00C0H         PUBLIC        P4
  D:00C8H         PUBLIC        P5
  D:00E8H         PUBLIC        P6
  D:00F8H         PUBLIC        P7
  D:00A8H         PUBLIC        IE
  D:00B8H         PUBLIC        IP
  C:0E16H         SYMBOL        DS18B20_ReadByte
  C:0F41H         PUBLIC        DS18B20_Init
  D:00D8H         PUBLIC        CCON
  C:0E79H         SYMBOL        _DS18B20_WriteByte
BL51 BANKED LINKER/LOCATER V6.22.4.0                                                  03/19/2025  10:35:39  PAGE 12


  D:0098H         PUBLIC        SCON
  D:0088H         PUBLIC        TCON
  B:00B0H.3       PUBLIC        P33
  C:0C8AH         PUBLIC        DS18B20_GetTemp
  D:00D0H         PUBLIC        PSW
  -------         PROC          DS18B20_INIT
  -------         DO            
  B:0020H.0       SYMBOL        presence
  -------         ENDDO         
  C:0F41H         LINE#         4
  C:0F41H         LINE#         6
  C:0F43H         LINE#         7
  C:0F4AH         LINE#         8
  C:0F4CH         LINE#         9
  C:0F53H         LINE#         10
  C:0F57H         LINE#         11
  C:0F5EH         LINE#         12
  C:0F61H         LINE#         13
  -------         ENDPROC       DS18B20_INIT
  -------         PROC          _DS18B20_WRITEBYTE
  D:0052H         SYMBOL        dat
  -------         DO            
  D:0053H         SYMBOL        i
  -------         ENDDO         
  C:0E79H         LINE#         15
  C:0E7BH         LINE#         17
  C:0E7EH         LINE#         18
  C:0E80H         LINE#         19
  C:0E87H         LINE#         20
  C:0E8CH         LINE#         21
  C:0E93H         LINE#         22
  C:0E95H         LINE#         23
  C:0E9BH         LINE#         24
  C:0EA4H         LINE#         25
  -------         ENDPROC       _DS18B20_WRITEBYTE
  -------         PROC          DS18B20_READBYTE
  -------         DO            
  D:0052H         SYMBOL        i
  D:0053H         SYMBOL        dat
  -------         ENDDO         
  C:0E16H         LINE#         27
  C:0E16H         LINE#         28
  C:0E19H         LINE#         29
  C:0E1BH         LINE#         30
  C:0E1DH         LINE#         31
  C:0E24H         LINE#         32
  C:0E26H         LINE#         33
  C:0E2DH         LINE#         34
  C:0E33H         LINE#         35
  C:0E39H         LINE#         36
  C:0E40H         LINE#         37
  C:0E49H         LINE#         38
  C:0E4BH         LINE#         39
  -------         ENDPROC       DS18B20_READBYTE
  -------         PROC          DS18B20_GETTEMP
  -------         DO            
  D:0051H         SYMBOL        tempL
BL51 BANKED LINKER/LOCATER V6.22.4.0                                                  03/19/2025  10:35:39  PAGE 13


  D:0007H         SYMBOL        tempH
  D:0006H         SYMBOL        temp
  -------         ENDDO         
  C:0C8AH         LINE#         41
  C:0C8AH         LINE#         44
  C:0C91H         LINE#         45
  C:0C96H         LINE#         46
  C:0C9BH         LINE#         47
  C:0CA2H         LINE#         48
  C:0CAFH         LINE#         49
  C:0CB4H         LINE#         50
  C:0CB9H         LINE#         51
  C:0CBEH         LINE#         52
  C:0CC1H         LINE#         53
  C:0CC6H         LINE#         54
  C:0CD7H         LINE#         55
  -------         ENDPROC       DS18B20_GETTEMP
  -------         ENDMOD        DS18B20

  -------         MODULE        EEPROM
  C:0000H         SYMBOL        _ICE_DUMMY_
  D:0080H         PUBLIC        P0
  D:0090H         PUBLIC        P1
  D:00A0H         PUBLIC        P2
  D:00B0H         PUBLIC        P3
  D:00C0H         PUBLIC        P4
  D:00C8H         PUBLIC        P5
  D:00E8H         PUBLIC        P6
  B:00A8H.7       PUBLIC        EA
  D:00F8H         PUBLIC        P7
  D:00A8H         PUBLIC        IE
  C:0EF6H         PUBLIC        _IapErase
  D:00C5H         PUBLIC        IAP_CMD
  D:00B8H         PUBLIC        IP
  C:0F62H         PUBLIC        _IapRead
  C:0FECH         SYMBOL        IapIdle
  D:00C3H         PUBLIC        IAP_ADDRH
  D:00D8H         PUBLIC        CCON
  D:00C4H         PUBLIC        IAP_ADDRL
  C:000EH         PUBLIC        _IapSafeWrite
  D:00F5H         PUBLIC        IAP_TPS
  D:0098H         PUBLIC        SCON
  D:0088H         PUBLIC        TCON
  D:00C7H         PUBLIC        IAP_CONTR
  D:00C2H         PUBLIC        IAP_DATA
  D:00C6H         PUBLIC        IAP_TRIG
  C:0ECEH         PUBLIC        _IapProgram
  D:00D0H         PUBLIC        PSW
  -------         PROC          IAPIDLE
  C:0FECH         LINE#         4
  C:0FECH         LINE#         5
  C:0FECH         LINE#         6
  C:0FEFH         LINE#         7
  C:0FF1H         LINE#         8
  C:0FF3H         LINE#         9
  C:0FF6H         LINE#         10
  C:0FF8H         LINE#         11
BL51 BANKED LINKER/LOCATER V6.22.4.0                                                  03/19/2025  10:35:39  PAGE 14


  -------         ENDPROC       IAPIDLE
  -------         PROC          _IAPREAD
  D:0006H         SYMBOL        addr
  -------         DO            
  D:0007H         SYMBOL        dat
  -------         ENDDO         
  C:0F62H         LINE#         13
  C:0F62H         LINE#         14
  C:0F62H         LINE#         16
  C:0F65H         LINE#         17
  C:0F68H         LINE#         18
  C:0F6BH         LINE#         19
  C:0F6DH         LINE#         20
  C:0F71H         LINE#         21
  C:0F74H         LINE#         22
  C:0F77H         LINE#         23
  C:0F78H         LINE#         24
  C:0F7AH         LINE#         25
  -------         ENDPROC       _IAPREAD
  -------         PROC          _IAPPROGRAM
  D:0006H         SYMBOL        addr
  D:0005H         SYMBOL        dat
  -------         DO            
  D:0001H         SYMBOL        EA_SAVE
  -------         ENDDO         
  C:0ECEH         LINE#         29
  C:0ECEH         LINE#         30
  C:0ECEH         LINE#         31
  C:0ED3H         LINE#         32
  C:0ED5H         LINE#         34
  C:0ED8H         LINE#         35
  C:0EDBH         LINE#         36
  C:0EDEH         LINE#         37
  C:0EE0H         LINE#         38
  C:0EE4H         LINE#         39
  C:0EE6H         LINE#         40
  C:0EE9H         LINE#         41
  C:0EECH         LINE#         42
  C:0EEDH         LINE#         44
  C:0EF0H         LINE#         45
  C:0EF5H         LINE#         46
  -------         ENDPROC       _IAPPROGRAM
  -------         PROC          _IAPERASE
  D:0006H         SYMBOL        addr
  -------         DO            
  D:0005H         SYMBOL        EA_SAVE
  -------         ENDDO         
  C:0EF6H         LINE#         48
  C:0EF6H         LINE#         49
  C:0EF6H         LINE#         50
  C:0EFBH         LINE#         51
  C:0EFDH         LINE#         53
  C:0F00H         LINE#         54
  C:0F03H         LINE#         55
  C:0F06H         LINE#         56
  C:0F08H         LINE#         57
  C:0F0CH         LINE#         58
BL51 BANKED LINKER/LOCATER V6.22.4.0                                                  03/19/2025  10:35:39  PAGE 15


  C:0F0FH         LINE#         59
  C:0F12H         LINE#         60
  C:0F13H         LINE#         62
  C:0F16H         LINE#         63
  C:0F1BH         LINE#         64
  -------         ENDPROC       _IAPERASE
  -------         PROC          _IAPSAFEWRITE
  D:0002H         SYMBOL        addr
  D:0005H         SYMBOL        dat
  C:000EH         LINE#         67
  C:0012H         LINE#         68
  C:0012H         LINE#         69
  C:0019H         LINE#         70
  C:0019H         LINE#         71
  C:001EH         LINE#         72
  C:001EH         LINE#         73
  -------         ENDPROC       _IAPSAFEWRITE
  -------         ENDMOD        EEPROM

  -------         MODULE        ?C?FPMUL
  C:0026H         PUBLIC        ?C?FPMUL
  -------         ENDMOD        ?C?FPMUL

  -------         MODULE        ?C?FPCMP
  C:012EH         PUBLIC        ?C?FPCMP
  C:012CH         PUBLIC        ?C?FPCMP3
  -------         ENDMOD        ?C?FPCMP

  -------         MODULE        ?C?FCAST
  C:01AFH         PUBLIC        ?C?FCASTC
  C:01AAH         PUBLIC        ?C?FCASTI
  C:01A5H         PUBLIC        ?C?FCASTL
  -------         ENDMOD        ?C?FCAST

  -------         MODULE        PRINTF
  D:0052H         PUBLIC        ?_PRINTF?BYTE
  D:0052H         PUBLIC        ?_SPRINTF?BYTE
  C:0665H         PUBLIC        _PRINTF
  C:065FH         PUBLIC        _SPRINTF
  -------         ENDMOD        PRINTF

  -------         MODULE        ?C?FPROUND
  C:022DH         PUBLIC        ?C?FPROUND
  -------         ENDMOD        ?C?FPROUND

  -------         MODULE        ?C?FPCONVERT
  C:025CH         PUBLIC        ?C?FPCONVERT
  -------         ENDMOD        ?C?FPCONVERT

  -------         MODULE        ?C?FPADD
  C:0366H         PUBLIC        ?C?FPADD
  C:0362H         PUBLIC        ?C?FPSUB
  -------         ENDMOD        ?C?FPADD

  -------         MODULE        ?C?FPDIV
  C:045AH         PUBLIC        ?C?FPDIV
  -------         ENDMOD        ?C?FPDIV
BL51 BANKED LINKER/LOCATER V6.22.4.0                                                  03/19/2025  10:35:39  PAGE 16



  -------         MODULE        ?C?FTNPWR
  C:0527H         PUBLIC        ?C?FTNPWR
  -------         ENDMOD        ?C?FTNPWR

  -------         MODULE        ?C?CLDPTR
  C:0567H         PUBLIC        ?C?CLDPTR
  -------         ENDMOD        ?C?CLDPTR

  -------         MODULE        ?C?CLDOPTR
  C:0580H         PUBLIC        ?C?CLDOPTR
  -------         ENDMOD        ?C?CLDOPTR

  -------         MODULE        ?C?CSTPTR
  C:05ADH         PUBLIC        ?C?CSTPTR
  -------         ENDMOD        ?C?CSTPTR

  -------         MODULE        ?C?LNEG
  C:05BFH         PUBLIC        ?C?LNEG
  -------         ENDMOD        ?C?LNEG

  -------         MODULE        ?C?PLDIIDATA
  C:05CDH         PUBLIC        ?C?PLDIIDATA
  -------         ENDMOD        ?C?PLDIIDATA

  -------         MODULE        ?C?CCASE
  C:05DDH         PUBLIC        ?C?CCASE
  -------         ENDMOD        ?C?CCASE

Program Size: data=108.5 xdata=0 code=4118
LINK/LOCATE RUN COMPLETE.  0 WARNING(S),  0 ERROR(S)
