BL51 BANKED LINKER/LOCATER V6.22.4.0                                                    03/14/2025  22:31:30  PAGE 1


BL51 BANKED LINKER/LOCATER V6.22.4.0, INVOKED BY:
D:\MCU\KEIL_V5\C51\BIN\BL51.EXE .\Objects\STARTUP.obj, .\Objects\main.obj TO .\Objects\test PRINT (.\Listings\test.m51) 
>> RAMSIZE (256) DISABLEWARNING (16)


MEMORY MODEL: SMALL


INPUT MODULES INCLUDED:
  .\Objects\STARTUP.obj (?C_STARTUP)
  .\Objects\main.obj (MAIN)
  D:\MCU\KEIL_V5\C51\LIB\C51S.LIB (PRINTF)
  D:\MCU\KEIL_V5\C51\LIB\C51S.LIB (?C?CLDPTR)
  D:\MCU\KEIL_V5\C51\LIB\C51S.LIB (?C?CLDOPTR)
  D:\MCU\KEIL_V5\C51\LIB\C51S.LIB (?C?CSTPTR)
  D:\MCU\KEIL_V5\C51\LIB\C51S.LIB (?C?PLDIIDATA)
  D:\MCU\KEIL_V5\C51\LIB\C51S.LIB (?C?CCASE)


LINK MAP OF MODULE:  .\Objects\test (?C_STARTUP)


            TYPE    BASE      LENGTH    RELOCATION   SEGMENT NAME
            -----------------------------------------------------

            * * * * * * *   D A T A   M E M O R Y   * * * * * * *
            REG     0000H     0008H     ABSOLUTE     "REG BANK 0"
            DATA    0008H     0014H     UNIT         _DATA_GROUP_
                    001CH     0004H                  *** GAP ***
            BIT     0020H.0   0001H.1   UNIT         _BIT_GROUP_
                    0021H.1   0000H.7                *** GAP ***
            IDATA   0022H     0001H     UNIT         ?STACK

            * * * * * * *   C O D E   M E M O R Y   * * * * * * *
            CODE    0000H     0003H     ABSOLUTE     
            CODE    0003H     035CH     UNIT         ?PR?PRINTF?PRINTF
            CODE    035FH     008EH     UNIT         ?C?LIB_CODE
            CODE    03EDH     0024H     UNIT         ?PR?SYSTEM_INIT?MAIN
            CODE    0411H     001DH     UNIT         ?PR?MAIN?MAIN
            CODE    042EH     0018H     UNIT         ?PR?_DELAY_MS?MAIN
            CODE    0446H     0015H     UNIT         ?CO?MAIN
            CODE    045BH     000EH     UNIT         ?PR?_DELAY_US?MAIN
            CODE    0469H     000CH     UNIT         ?C_C51STARTUP
            CODE    0475H     0008H     UNIT         ?PR?_PUTCHAR?MAIN



OVERLAY MAP OF MODULE:   .\Objects\test (?C_STARTUP)


SEGMENT                           BIT_GROUP          DATA_GROUP 
  +--> CALLED SEGMENT          START    LENGTH     START    LENGTH
------------------------------------------------------------------
?C_C51STARTUP                  -----    -----      -----    -----
  +--> ?PR?MAIN?MAIN

?PR?MAIN?MAIN                  -----    -----      -----    -----
  +--> ?PR?SYSTEM_INIT?MAIN
BL51 BANKED LINKER/LOCATER V6.22.4.0                                                  03/14/2025  22:31:30  PAGE 2


  +--> ?CO?MAIN
  +--> ?PR?PRINTF?PRINTF
  +--> ?PR?_DELAY_MS?MAIN

?PR?PRINTF?PRINTF              0020H.0  0001H.1    0008H    0014H
  +--> ?PR?_PUTCHAR?MAIN

?PR?_DELAY_MS?MAIN             -----    -----      -----    -----
  +--> ?PR?_DELAY_US?MAIN



SYMBOL TABLE OF MODULE:  .\Objects\test (?C_STARTUP)

  VALUE           TYPE          NAME
  ----------------------------------

  -------         MODULE        ?C_STARTUP
  C:0469H         SEGMENT       ?C_C51STARTUP
  I:0022H         SEGMENT       ?STACK
  C:0000H         PUBLIC        ?C_STARTUP
  D:00E0H         SYMBOL        ACC
  D:00F0H         SYMBOL        B
  D:0083H         SYMBOL        DPH
  D:0082H         SYMBOL        DPL
  N:0000H         SYMBOL        IBPSTACK
  N:0100H         SYMBOL        IBPSTACKTOP
  N:0080H         SYMBOL        IDATALEN
  C:046CH         SYMBOL        IDATALOOP
  N:0000H         SYMBOL        PBPSTACK
  N:0100H         SYMBOL        PBPSTACKTOP
  N:0000H         SYMBOL        PDATALEN
  N:0000H         SYMBOL        PDATASTART
  N:0000H         SYMBOL        PPAGE
  N:0000H         SYMBOL        PPAGEENABLE
  D:00A0H         SYMBOL        PPAGE_SFR
  D:0081H         SYMBOL        SP
  C:0469H         SYMBOL        STARTUP1
  N:0000H         SYMBOL        XBPSTACK
  N:0000H         SYMBOL        XBPSTACKTOP
  N:0000H         SYMBOL        XDATALEN
  N:0000H         SYMBOL        XDATASTART
  C:0000H         LINE#         126
  C:0469H         LINE#         133
  C:046BH         LINE#         134
  C:046CH         LINE#         135
  C:046DH         LINE#         136
  C:046FH         LINE#         185
  C:0472H         LINE#         196
  -------         ENDMOD        ?C_STARTUP

  -------         MODULE        MAIN
  C:0000H         SYMBOL        _ICE_DUMMY_
  C:03EDH         PUBLIC        System_Init
  D:0080H         PUBLIC        P0
  D:00B2H         PUBLIC        P3M0
  D:0090H         PUBLIC        P1
BL51 BANKED LINKER/LOCATER V6.22.4.0                                                  03/14/2025  22:31:30  PAGE 3


  D:00B1H         PUBLIC        P3M1
  D:00A0H         PUBLIC        P2
  D:00CAH         PUBLIC        P5M0
  D:00B0H         PUBLIC        P3
  D:00C9H         PUBLIC        P5M1
  D:00C0H         PUBLIC        P4
  D:00C8H         PUBLIC        P5
  D:00E8H         PUBLIC        P6
  B:00A8H.7       PUBLIC        EA
  D:00F8H         PUBLIC        P7
  D:00A8H         PUBLIC        IE
  D:00B8H         PUBLIC        IP
  B:0098H.1       PUBLIC        TI
  D:00D8H         PUBLIC        CCON
  C:0411H         PUBLIC        main
  D:0099H         PUBLIC        SBUF
  C:042EH         PUBLIC        _Delay_ms
  D:0098H         PUBLIC        SCON
  D:0088H         PUBLIC        TCON
  B:00C8H.4       PUBLIC        P54
  B:00C8H.5       PUBLIC        P55
  C:045BH         PUBLIC        _Delay_us
  D:008EH         PUBLIC        AUXR
  B:00A8H.0       PUBLIC        EX0
  B:0088H.0       PUBLIC        IT0
  D:00D6H         PUBLIC        T2H
  D:00D7H         PUBLIC        T2L
  D:00D0H         PUBLIC        PSW
  C:0475H         PUBLIC        _putchar
  -------         PROC          _PUTCHAR
  D:0007H         SYMBOL        ch
  C:0475H         LINE#         5
  C:0475H         LINE#         6
  C:0475H         LINE#         7
  C:0477H         LINE#         8
  C:047AH         LINE#         9
  C:047CH         LINE#         10
  C:047CH         LINE#         11
  -------         ENDPROC       _PUTCHAR
  -------         PROC          _DELAY_US
  D:0006H         SYMBOL        us
  C:045BH         LINE#         13
  C:045BH         LINE#         14
  C:045BH         LINE#         15
  C:0465H         LINE#         16
  C:0465H         LINE#         17
  C:0466H         LINE#         18
  C:0468H         LINE#         19
  -------         ENDPROC       _DELAY_US
  -------         PROC          _DELAY_MS
  D:0002H         SYMBOL        ms
  C:042EH         LINE#         21
  C:0432H         LINE#         22
  C:0432H         LINE#         23
  C:043CH         LINE#         24
  C:043CH         LINE#         25
  C:0443H         LINE#         26
BL51 BANKED LINKER/LOCATER V6.22.4.0                                                  03/14/2025  22:31:30  PAGE 4


  C:0445H         LINE#         27
  -------         ENDPROC       _DELAY_MS
  -------         PROC          SYSTEM_INIT
  C:03EDH         LINE#         29
  C:03EDH         LINE#         30
  C:03EDH         LINE#         32
  C:03F2H         LINE#         35
  C:03F5H         LINE#         36
  C:03F8H         LINE#         37
  C:03FBH         LINE#         38
  C:03FEH         LINE#         41
  C:0400H         LINE#         42
  C:0402H         LINE#         43
  C:0404H         LINE#         46
  C:0407H         LINE#         47
  C:040AH         LINE#         50
  C:040DH         LINE#         51
  C:0410H         LINE#         52
  -------         ENDPROC       SYSTEM_INIT
  -------         PROC          MAIN
  C:0411H         LINE#         54
  C:0411H         LINE#         55
  C:0411H         LINE#         56
  C:0414H         LINE#         58
  C:041DH         LINE#         60
  C:041FH         LINE#         61
  C:0421H         LINE#         62
  C:0421H         LINE#         63
  C:0421H         LINE#         64
  C:0423H         LINE#         65
  C:0425H         LINE#         66
  C:042CH         LINE#         67
  -------         ENDPROC       MAIN
  -------         ENDMOD        MAIN

  -------         MODULE        PRINTF
  D:0008H         PUBLIC        ?_PRINTF517?BYTE
  D:0008H         PUBLIC        ?_PRINTF?BYTE
  D:0008H         PUBLIC        ?_SPRINTF517?BYTE
  D:0008H         PUBLIC        ?_SPRINTF?BYTE
  C:0065H         PUBLIC        _PRINTF
  C:0065H         PUBLIC        _PRINTF517
  C:005FH         PUBLIC        _SPRINTF
  C:005FH         PUBLIC        _SPRINTF517
  -------         ENDMOD        PRINTF

  -------         MODULE        ?C?CLDPTR
  C:035FH         PUBLIC        ?C?CLDPTR
  -------         ENDMOD        ?C?CLDPTR

  -------         MODULE        ?C?CLDOPTR
  C:0378H         PUBLIC        ?C?CLDOPTR
  -------         ENDMOD        ?C?CLDOPTR

  -------         MODULE        ?C?CSTPTR
  C:03A5H         PUBLIC        ?C?CSTPTR
  -------         ENDMOD        ?C?CSTPTR
BL51 BANKED LINKER/LOCATER V6.22.4.0                                                  03/14/2025  22:31:30  PAGE 5



  -------         MODULE        ?C?PLDIIDATA
  C:03B7H         PUBLIC        ?C?PLDIIDATA
  -------         ENDMOD        ?C?PLDIIDATA

  -------         MODULE        ?C?CCASE
  C:03C7H         PUBLIC        ?C?CCASE
  -------         ENDMOD        ?C?CCASE

Program Size: data=30.1 xdata=0 code=1149
LINK/LOCATE RUN COMPLETE.  0 WARNING(S),  0 ERROR(S)
